Archive member included to satisfy reference by file (symbol)

../STemWinLib/Lib\libSTemWIN532_CM7_GCC.a(F6x8.o)
                              Src/GUIConf.o (GUI_Font6x8)
../STemWinLib/Lib\libSTemWIN532_CM7_GCC.a(F32_1.o)
                              Src/main.o (GUI_Font32_1)
../STemWinLib/Lib\libSTemWIN532_CM7_GCC.a(GUIDRV_FlexColor_Func66720.o)
                              Src/LCDConf.o (GUIDRV_FlexColor_SetFunc66720)
../STemWinLib/Lib\libSTemWIN532_CM7_GCC.a(GUIDRV_FlexColor_16bpp_C0B16.o)
                              Src/LCDConf.o (GUIDRV_FlexColor_SetMode16bppC0B16)
../STemWinLib/Lib\libSTemWIN532_CM7_GCC.a(GUIDRV_FlexColor.o)
                              ../STemWinLib/Lib\libSTemWIN532_CM7_GCC.a(GUIDRV_FlexColor_16bpp_C0B16.o) (GUIDRV_FlexColor__SetPixelIndexNoCache)
../STemWinLib/Lib\libSTemWIN532_CM7_GCC.a(LCD_Set.o)
                              Src/LCDConf.o (LCD_SetVSizeEx)
../STemWinLib/Lib\libSTemWIN532_CM7_GCC.a(GUI__memset16.o)
                              ../STemWinLib/Lib\libSTemWIN532_CM7_GCC.a(GUIDRV_FlexColor_16bpp_C0B16.o) (GUI__memset16)
../STemWinLib/Lib\libSTemWIN532_CM7_GCC.a(GUI__memset.o)
                              ../STemWinLib/Lib\libSTemWIN532_CM7_GCC.a(GUIDRV_FlexColor.o) (GUI__memset)
../STemWinLib/Lib\libSTemWIN532_CM7_GCC.a(GUI_Time.o)
                              Src/main.o (GUI_Delay)
../STemWinLib/Lib\libSTemWIN532_CM7_GCC.a(GUI_TOUCH_DriverAnalog.o)
                              Src/LCDConf.o (GUI_TOUCH_Calibrate)
../STemWinLib/Lib\libSTemWIN532_CM7_GCC.a(GUI_TOUCH_Calibrate.o)
                              ../STemWinLib/Lib\libSTemWIN532_CM7_GCC.a(GUI_TOUCH_DriverAnalog.o) (GUI_TOUCH_CalibratePoint)
../STemWinLib/Lib\libSTemWIN532_CM7_GCC.a(GUI_TOUCH.o)
                              ../STemWinLib/Lib\libSTemWIN532_CM7_GCC.a(GUI_TOUCH_DriverAnalog.o) (GUI_TOUCH_StoreStateEx)
../STemWinLib/Lib\libSTemWIN532_CM7_GCC.a(GUI_SetFont.o)
                              Src/main.o (GUI_SetFont)
../STemWinLib/Lib\libSTemWIN532_CM7_GCC.a(GUI_SetColor.o)
                              Src/main.o (GUI_SetBkColor)
../STemWinLib/Lib\libSTemWIN532_CM7_GCC.a(GUI_PID.o)
                              ../STemWinLib/Lib\libSTemWIN532_CM7_GCC.a(GUI_TOUCH.o) (GUI_PID_StoreState)
../STemWinLib/Lib\libSTemWIN532_CM7_GCC.a(GUI_OnKey.o)
                              Src/main.o (GUI_GetKey)
../STemWinLib/Lib\libSTemWIN532_CM7_GCC.a(GUI_Exec.o)
                              ../STemWinLib/Lib\libSTemWIN532_CM7_GCC.a(GUI_Time.o) (GUI_Exec)
../STemWinLib/Lib\libSTemWIN532_CM7_GCC.a(GUI_DispString.o)
                              Src/main.o (GUI_DispString)
../STemWinLib/Lib\libSTemWIN532_CM7_GCC.a(GUI_Device.o)
                              ../STemWinLib/Lib\libSTemWIN532_CM7_GCC.a(LCD_Set.o) (GUI_DEVICE__GetpDriver)
../STemWinLib/Lib\libSTemWIN532_CM7_GCC.a(GUI_Core.o)
                              ../STemWinLib/Lib\libSTemWIN532_CM7_GCC.a(GUI_Device.o) (GUI__apDevice)
../STemWinLib/Lib\libSTemWIN532_CM7_GCC.a(GUI_CharP.o)
                              ../STemWinLib/Lib\libSTemWIN532_CM7_GCC.a(F32_1.o) (GUIPROP_DispChar)
../STemWinLib/Lib\libSTemWIN532_CM7_GCC.a(GUI_CharM.o)
                              ../STemWinLib/Lib\libSTemWIN532_CM7_GCC.a(F6x8.o) (GUIMONO_DispChar)
../STemWinLib/Lib\libSTemWIN532_CM7_GCC.a(GUI_CharLine.o)
                              ../STemWinLib/Lib\libSTemWIN532_CM7_GCC.a(GUI_DispString.o) (GUI__GetLineNumChars)
../STemWinLib/Lib\libSTemWIN532_CM7_GCC.a(GUI_Char.o)
                              ../STemWinLib/Lib\libSTemWIN532_CM7_GCC.a(GUI_DispString.o) (GUI_GetYAdjust)
../STemWinLib/Lib\libSTemWIN532_CM7_GCC.a(GUI_Alloc.o)
                              ../STemWinLib/Lib\libSTemWIN532_CM7_GCC.a(GUI_Device.o) (GUI_ALLOC_FreeFixedBlock)
../STemWinLib/Lib\libSTemWIN532_CM7_GCC.a(GUICC_M565.o)
                              Src/LCDConf.o (LCD_API_ColorConv_M565)
../STemWinLib/Lib\libSTemWIN532_CM7_GCC.a(WM_Touch.o)
                              ../STemWinLib/Lib\libSTemWIN532_CM7_GCC.a(GUI_PID.o) (WM_HandlePID)
../STemWinLib/Lib\libSTemWIN532_CM7_GCC.a(WM_SetCapture.o)
                              ../STemWinLib/Lib\libSTemWIN532_CM7_GCC.a(WM_Touch.o) (WM_ReleaseCapture)
../STemWinLib/Lib\libSTemWIN532_CM7_GCC.a(WM_Screen2Win.o)
                              ../STemWinLib/Lib\libSTemWIN532_CM7_GCC.a(WM_Touch.o) (WM_Screen2hWin)
../STemWinLib/Lib\libSTemWIN532_CM7_GCC.a(WM_PID__GetPrevState.o)
                              ../STemWinLib/Lib\libSTemWIN532_CM7_GCC.a(WM_Touch.o) (WM_PID__SetPrevState)
../STemWinLib/Lib\libSTemWIN532_CM7_GCC.a(WM_OnKey.o)
                              ../STemWinLib/Lib\libSTemWIN532_CM7_GCC.a(GUI_OnKey.o) (WM_OnKey)
../STemWinLib/Lib\libSTemWIN532_CM7_GCC.a(WM_IsWindow.o)
                              ../STemWinLib/Lib\libSTemWIN532_CM7_GCC.a(WM_Touch.o) (WM_IsWindow)
../STemWinLib/Lib\libSTemWIN532_CM7_GCC.a(WM_GetParent.o)
                              ../STemWinLib/Lib\libSTemWIN532_CM7_GCC.a(WM_Touch.o) (WM_GetParent)
[...]
Memory Configuration

Name             Origin             Length             Attributes
RAM              0x0000000020000000 0x0000000000050000 xrw
FLASH            0x0000000008000000 0x0000000000100000 xr
*default*        0x0000000000000000 0xffffffffffffffff

Linker script and memory map

LOAD c:/st/stm32cubeide_1.3.0/stm32cubeide/plugins/com.st.stm32cube.ide.mcu.externaltools.gnu-tools-for-stm32.7-2018-q2-update.win32_1.0.0.201904181610/tools/bin/../lib/gcc/arm-none-eabi/7.3.1/thumb/v7e-m/fpv4-sp/hard/crti.o
LOAD c:/st/stm32cubeide_1.3.0/stm32cubeide/plugins/com.st.stm32cube.ide.mcu.externaltools.gnu-tools-for-stm32.7-2018-q2-update.win32_1.0.0.201904181610/tools/bin/../lib/gcc/arm-none-eabi/7.3.1/thumb/v7e-m/fpv4-sp/hard/crtbegin.o
LOAD c:/st/stm32cubeide_1.3.0/stm32cubeide/plugins/com.st.stm32cube.ide.mcu.externaltools.gnu-tools-for-stm32.7-2018-q2-update.win32_1.0.0.201904181610/tools/bin/../lib/gcc/arm-none-eabi/7.3.1/../../../../arm-none-eabi/lib/thumb/v7e-m/fpv4-sp/hard/crt0.o
LOAD Drivers/Drajveri_Ekran_Tac/Sors/SSD1963.o
LOAD Drivers/Drajveri_Ekran_Tac/Sors/STMPE610.o
LOAD Drivers/STM32F7xx_HAL_Driver/Src/stm32f7xx_hal.o
LOAD Drivers/STM32F7xx_HAL_Driver/Src/stm32f7xx_hal_cortex.o
LOAD Drivers/STM32F7xx_HAL_Driver/Src/stm32f7xx_hal_dma.o
LOAD Drivers/STM32F7xx_HAL_Driver/Src/stm32f7xx_hal_dma_ex.o
LOAD Drivers/STM32F7xx_HAL_Driver/Src/stm32f7xx_hal_exti.o
LOAD Drivers/STM32F7xx_HAL_Driver/Src/stm32f7xx_hal_flash.o
LOAD Drivers/STM32F7xx_HAL_Driver/Src/stm32f7xx_hal_flash_ex.o
LOAD Drivers/STM32F7xx_HAL_Driver/Src/stm32f7xx_hal_gpio.o
LOAD Drivers/STM32F7xx_HAL_Driver/Src/stm32f7xx_hal_i2c.o
LOAD Drivers/STM32F7xx_HAL_Driver/Src/stm32f7xx_hal_i2c_ex.o
LOAD Drivers/STM32F7xx_HAL_Driver/Src/stm32f7xx_hal_pcd.o
LOAD Drivers/STM32F7xx_HAL_Driver/Src/stm32f7xx_hal_pcd_ex.o
LOAD Drivers/STM32F7xx_HAL_Driver/Src/stm32f7xx_hal_pwr.o
LOAD Drivers/STM32F7xx_HAL_Driver/Src/stm32f7xx_hal_pwr_ex.o
LOAD Drivers/STM32F7xx_HAL_Driver/Src/stm32f7xx_hal_rcc.o
LOAD Drivers/STM32F7xx_HAL_Driver/Src/stm32f7xx_hal_rcc_ex.o
LOAD Drivers/STM32F7xx_HAL_Driver/Src/stm32f7xx_hal_tim.o
LOAD Drivers/STM32F7xx_HAL_Driver/Src/stm32f7xx_hal_tim_ex.o
LOAD Drivers/STM32F7xx_HAL_Driver/Src/stm32f7xx_ll_usb.o
LOAD Middlewares/ST/STM32_USB_Device_Library/Class/CDC/Src/usbd_cdc.o
LOAD Middlewares/ST/STM32_USB_Device_Library/Core/Src/usbd_core.o
LOAD Middlewares/ST/STM32_USB_Device_Library/Core/Src/usbd_ctlreq.o
LOAD Middlewares/ST/STM32_USB_Device_Library/Core/Src/usbd_ioreq.o
LOAD Src/CO23Click.o
LOAD Src/GUIConf.o
LOAD Src/GUI_X.o
LOAD Src/LCDConf.o
LOAD Src/main.o
LOAD Src/stm32f7xx_hal_msp.o
LOAD Src/stm32f7xx_it.o
LOAD Src/syscalls.o
LOAD Src/sysmem.o
LOAD Src/system_stm32f7xx.o
LOAD Src/usb_device.o
LOAD Src/usbd_cdc_if.o
LOAD Src/usbd_conf.o
LOAD Src/usbd_desc.o
LOAD Startup/startup_stm32f746zgtx.o
LOAD ../STemWinLib/Lib\libSTemWIN532_CM7_GCC.a
START GROUP
LOAD c:/st/stm32cubeide_1.3.0/stm32cubeide/plugins/com.st.stm32cube.ide.mcu.externaltools.gnu-tools-for-stm32.7-2018-q2-update.win32_1.0.0.201904181610/tools/bin/../lib/gcc/arm-none-eabi/7.3.1/../../../../arm-none-eabi/lib/thumb/v7e-m/fpv4-sp/hard\libc_nano.a
LOAD c:/st/stm32cubeide_1.3.0/stm32cubeide/plugins/com.st.stm32cube.ide.mcu.externaltools.gnu-tools-for-stm32.7-2018-q2-update.win32_1.0.0.201904181610/tools/bin/../lib/gcc/arm-none-eabi/7.3.1/../../../../arm-none-eabi/lib/thumb/v7e-m/fpv4-sp/hard\libm.a
END GROUP
START GROUP
LOAD c:/st/stm32cubeide_1.3.0/stm32cubeide/plugins/com.st.stm32cube.ide.mcu.externaltools.gnu-tools-for-stm32.7-2018-q2-update.win32_1.0.0.201904181610/tools/bin/../lib/gcc/arm-none-eabi/7.3.1/thumb/v7e-m/fpv4-sp/hard\libgcc.a
LOAD c:/st/stm32cubeide_1.3.0/stm32cubeide/plugins/com.st.stm32cube.ide.mcu.externaltools.gnu-tools-for-stm32.7-2018-q2-update.win32_1.0.0.201904181610/tools/bin/../lib/gcc/arm-none-eabi/7.3.1/../../../../arm-none-eabi/lib/thumb/v7e-m/fpv4-sp/hard\libc_nano.a
END GROUP
START GROUP
LOAD c:/st/stm32cubeide_1.3.0/stm32cubeide/plugins/com.st.stm32cube.ide.mcu.externaltools.gnu-tools-for-stm32.7-2018-q2-update.win32_1.0.0.201904181610/tools/bin/../lib/gcc/arm-none-eabi/7.3.1/thumb/v7e-m/fpv4-sp/hard\libgcc.a
LOAD c:/st/stm32cubeide_1.3.0/stm32cubeide/plugins/com.st.stm32cube.ide.mcu.externaltools.gnu-tools-for-stm32.7-2018-q2-update.win32_1.0.0.201904181610/tools/bin/../lib/gcc/arm-none-eabi/7.3.1/../../../../arm-none-eabi/lib/thumb/v7e-m/fpv4-sp/hard\libc_nano.a
LOAD c:/st/stm32cubeide_1.3.0/stm32cubeide/plugins/com.st.stm32cube.ide.mcu.externaltools.gnu-tools-for-stm32.7-2018-q2-update.win32_1.0.0.201904181610/tools/bin/../lib/gcc/arm-none-eabi/7.3.1/../../../../arm-none-eabi/lib/thumb/v7e-m/fpv4-sp/hard\libnosys.a
END GROUP
START GROUP
LOAD c:/st/stm32cubeide_1.3.0/stm32cubeide/plugins/com.st.stm32cube.ide.mcu.externaltools.gnu-tools-for-stm32.7-2018-q2-update.win32_1.0.0.201904181610/tools/bin/../lib/gcc/arm-none-eabi/7.3.1/thumb/v7e-m/fpv4-sp/hard\libgcc.a
LOAD c:/st/stm32cubeide_1.3.0/stm32cubeide/plugins/com.st.stm32cube.ide.mcu.externaltools.gnu-tools-for-stm32.7-2018-q2-update.win32_1.0.0.201904181610/tools/bin/../lib/gcc/arm-none-eabi/7.3.1/../../../../arm-none-eabi/lib/thumb/v7e-m/fpv4-sp/hard\libc_nano.a
LOAD c:/st/stm32cubeide_1.3.0/stm32cubeide/plugins/com.st.stm32cube.ide.mcu.externaltools.gnu-tools-for-stm32.7-2018-q2-update.win32_1.0.0.201904181610/tools/bin/../lib/gcc/arm-none-eabi/7.3.1/../../../../arm-none-eabi/lib/thumb/v7e-m/fpv4-sp/hard\libnosys.a
END GROUP
LOAD c:/st/stm32cubeide_1.3.0/stm32cubeide/plugins/com.st.stm32cube.ide.mcu.externaltools.gnu-tools-for-stm32.7-2018-q2-update.win32_1.0.0.201904181610/tools/bin/../lib/gcc/arm-none-eabi/7.3.1/thumb/v7e-m/fpv4-sp/hard/crtend.o
LOAD c:/st/stm32cubeide_1.3.0/stm32cubeide/plugins/com.st.stm32cube.ide.mcu.externaltools.gnu-tools-for-stm32.7-2018-q2-update.win32_1.0.0.201904181610/tools/bin/../lib/gcc/arm-none-eabi/7.3.1/thumb/v7e-m/fpv4-sp/hard/crtn.o
                0x0000000020050000                _estack = (ORIGIN (RAM) + LENGTH (RAM))
                0x0000000000000200                _Min_Heap_Size = 0x200
                0x0000000000000400                _Min_Stack_Size = 0x400

.isr_vector     0x0000000008000000      0x1c8
                0x0000000008000000                . = ALIGN (0x4)
 *(.isr_vector)
 .isr_vector    0x0000000008000000      0x1c8 Startup/startup_stm32f746zgtx.o
                0x0000000008000000                g_pfnVectors
                0x00000000080001c8                . = ALIGN (0x4)

.text           0x00000000080001d0     0xf9ec
                0x00000000080001d0                . = ALIGN (0x4)
 *(.text)
 .text          0x00000000080001d0       0x40 c:/st/stm32cubeide_1.3.0/stm32cubeide/plugins/com.st.stm32cube.ide.mcu.externaltools.gnu-tools-for-stm32.7-2018-q2-update.win32_1.0.0.201904181610/tools/bin/../lib/gcc/arm-none-eabi/7.3.1/thumb/v7e-m/fpv4-sp/hard/crtbegin.o
 .text          0x0000000008000210       0xa0 c:/st/stm32cubeide_1.3.0/stm32cubeide/plugins/com.st.stm32cube.ide.mcu.externaltools.gnu-tools-for-stm32.7-2018-q2-update.win32_1.0.0.201904181610/tools/bin/../lib/gcc/arm-none-eabi/7.3.1/../../../../arm-none-eabi/lib/thumb/v7e-m/fpv4-sp/hard\libc_nano.a(lib_a-memchr.o)
                0x0000000008000210                memchr
 .text          0x00000000080002b0      0x378 c:/st/stm32cubeide_1.3.0/stm32cubeide/plugins/com.st.stm32cube.ide.mcu.externaltools.gnu-tools-for-stm32.7-2018-q2-update.win32_1.0.0.201904181610/tools/bin/../lib/gcc/arm-none-eabi/7.3.1/thumb/v7e-m/fpv4-sp/hard\libgcc.a(_arm_addsubdf3.o)
                0x00000000080002b0                __aeabi_drsub
                0x00000000080002b8                __aeabi_dsub
                0x00000000080002b8                __subdf3
                0x00000000080002bc                __aeabi_dadd
                0x00000000080002bc                __adddf3
                0x0000000008000534                __floatunsidf
                0x0000000008000534                __aeabi_ui2d
                0x0000000008000554                __floatsidf
                0x0000000008000554                __aeabi_i2d
                0x0000000008000578                __aeabi_f2d
                0x0000000008000578                __extendsfdf2
                0x00000000080005bc                __floatundidf
                0x00000000080005bc                __aeabi_ul2d
                0x00000000080005cc                __floatdidf
                0x00000000080005cc                __aeabi_l2d
 .text          0x0000000008000628      0x424 c:/st/stm32cubeide_1.3.0/stm32cubeide/plugins/com.st.stm32cube.ide.mcu.externaltools.gnu-tools-for-stm32.7-2018-q2-update.win32_1.0.0.201904181610/tools/bin/../lib/gcc/arm-none-eabi/7.3.1/thumb/v7e-m/fpv4-sp/hard\libgcc.a(_arm_muldivdf3.o)
                0x0000000008000628                __aeabi_dmul
                0x0000000008000628                __muldf3
                0x000000000800087c                __divdf3
                0x000000000800087c                __aeabi_ddiv
 .text          0x0000000008000a4c       0x50 c:/st/stm32cubeide_1.3.0/stm32cubeide/plugins/com.st.stm32cube.ide.mcu.externaltools.gnu-tools-for-stm32.7-2018-q2-update.win32_1.0.0.201904181610/tools/bin/../lib/gcc/arm-none-eabi/7.3.1/thumb/v7e-m/fpv4-sp/hard\libgcc.a(_arm_fixdfsi.o)
                0x0000000008000a4c                __aeabi_d2iz
                0x0000000008000a4c                __fixdfsi
 .text          0x0000000008000a9c       0xa0 c:/st/stm32cubeide_1.3.0/stm32cubeide/plugins/com.st.stm32cube.ide.mcu.externaltools.gnu-tools-for-stm32.7-2018-q2-update.win32_1.0.0.201904181610/tools/bin/../lib/gcc/arm-none-eabi/7.3.1/thumb/v7e-m/fpv4-sp/hard\libgcc.a(_arm_truncdfsf2.o)
                0x0000000008000a9c                __truncdfsf2
                0x0000000008000a9c                __aeabi_d2f
 .text          0x0000000008000b3c       0x30 c:/st/stm32cubeide_1.3.0/stm32cubeide/plugins/com.st.stm32cube.ide.mcu.externaltools.gnu-tools-for-stm32.7-2018-q2-update.win32_1.0.0.201904181610/tools/bin/../lib/gcc/arm-none-eabi/7.3.1/thumb/v7e-m/fpv4-sp/hard\libgcc.a(_aeabi_uldivmod.o)
                0x0000000008000b3c                __aeabi_uldivmod
 .text          0x0000000008000b6c      0x2cc c:/st/stm32cubeide_1.3.0/stm32cubeide/plugins/com.st.stm32cube.ide.mcu.externaltools.gnu-tools-for-stm32.7-2018-q2-update.win32_1.0.0.201904181610/tools/bin/../lib/gcc/arm-none-eabi/7.3.1/thumb/v7e-m/fpv4-sp/hard\libgcc.a(_udivmoddi4.o)
                0x0000000008000b6c                __udivmoddi4
 .text          0x0000000008000e38        0x4 c:/st/stm32cubeide_1.3.0/stm32cubeide/plugins/com.st.stm32cube.ide.mcu.externaltools.gnu-tools-for-stm32.7-2018-q2-update.win32_1.0.0.201904181610/tools/bin/../lib/gcc/arm-none-eabi/7.3.1/thumb/v7e-m/fpv4-sp/hard\libgcc.a(_dvmd_tls.o)
                0x0000000008000e38                __aeabi_idiv0
                0x0000000008000e38                __aeabi_ldiv0
 *(.text*)
 .text.Init_LCD_GPIO
                0x0000000008000e3c       0xf0 Drivers/Drajveri_Ekran_Tac/Sors/SSD1963.o
                0x0000000008000e3c                Init_LCD_GPIO
 .text.SSD1963_WriteCommand
                0x0000000008000f2c       0x58 Drivers/Drajveri_Ekran_Tac/Sors/SSD1963.o
                0x0000000008000f2c                SSD1963_WriteCommand
 .text.SSD1963_WriteData
                0x0000000008000f84       0x58 Drivers/Drajveri_Ekran_Tac/Sors/SSD1963.o
                0x0000000008000f84                SSD1963_WriteData
 .text.SSD1963_WriteDataMultiple
                0x0000000008000fdc       0x18 Drivers/Drajveri_Ekran_Tac/Sors/SSD1963.o
                0x0000000008000fdc                SSD1963_WriteDataMultiple
 .text.SSD1963_Init
                0x0000000008000ff4      0x158 Drivers/Drajveri_Ekran_Tac/Sors/SSD1963.o
                0x0000000008000ff4                SSD1963_Init
 .text.Init_TOUCH_GPIO
                0x000000000800114c       0x24 Drivers/Drajveri_Ekran_Tac/Sors/STMPE610.o
                0x000000000800114c                Init_TOUCH_GPIO
 .text.STMPE610_Write
                0x0000000008001170       0x2c Drivers/Drajveri_Ekran_Tac/Sors/STMPE610.o
                0x0000000008001170                STMPE610_Write
 .text.STMPE610_ReadByte
                0x000000000800119c       0x4c Drivers/Drajveri_Ekran_Tac/Sors/STMPE610.o
                0x000000000800119c                STMPE610_ReadByte
 .text.STMPE610_ReadWord
                0x00000000080011e8       0x58 Drivers/Drajveri_Ekran_Tac/Sors/STMPE610.o
                0x00000000080011e8                STMPE610_ReadWord
 .text.STMPE610_Init
                0x0000000008001240       0x90 Drivers/Drajveri_Ekran_Tac/Sors/STMPE610.o
                0x0000000008001240                STMPE610_Init
 .text.STMPE610_read_xyz
                0x00000000080012d0       0x80 Drivers/Drajveri_Ekran_Tac/Sors/STMPE610.o
                0x00000000080012d0                STMPE610_read_xyz
 .text.STMPE610_GetX_TOUCH
                0x0000000008001350       0x5c Drivers/Drajveri_Ekran_Tac/Sors/STMPE610.o
                0x0000000008001350                STMPE610_GetX_TOUCH
 *fill*         0x00000000080013ac        0x4 
 .text.STMPE610_GetY_TOUCH
                0x00000000080013b0       0x5c Drivers/Drajveri_Ekran_Tac/Sors/STMPE610.o
                0x00000000080013b0                STMPE610_GetY_TOUCH
 .text.STMPE610_GetX_TOUCH_RAW
                0x000000000800140c        0xc Drivers/Drajveri_Ekran_Tac/Sors/STMPE610.o
                0x000000000800140c                STMPE610_GetX_TOUCH_RAW
 .text.STMPE610_GetY_TOUCH_RAW
                0x0000000008001418        0xc Drivers/Drajveri_Ekran_Tac/Sors/STMPE610.o
                0x0000000008001418                STMPE610_GetY_TOUCH_RAW
 .text.HAL_InitTick
                0x0000000008001424       0x4c Drivers/STM32F7xx_HAL_Driver/Src/stm32f7xx_hal.o
                0x0000000008001424                HAL_InitTick
 .text.HAL_Init
                0x0000000008001470       0x16 Drivers/STM32F7xx_HAL_Driver/Src/stm32f7xx_hal.o
                0x0000000008001470                HAL_Init
 *fill*         0x0000000008001486        0x2 
 .text.HAL_IncTick
                0x0000000008001488       0x18 Drivers/STM32F7xx_HAL_Driver/Src/stm32f7xx_hal.o
                0x0000000008001488                HAL_IncTick
 .text.HAL_GetTick
                0x00000000080014a0        0xc Drivers/STM32F7xx_HAL_Driver/Src/stm32f7xx_hal.o
                0x00000000080014a0                HAL_GetTick
 .text.HAL_Delay
                0x00000000080014ac       0x28 Drivers/STM32F7xx_HAL_Driver/Src/stm32f7xx_hal.o
                0x00000000080014ac                HAL_Delay
 .text.HAL_NVIC_SetPriorityGrouping
                0x00000000080014d4       0x24 Drivers/STM32F7xx_HAL_Driver/Src/stm32f7xx_hal_cortex.o
                0x00000000080014d4                HAL_NVIC_SetPriorityGrouping
 .text.HAL_NVIC_SetPriority
                0x00000000080014f8       0x64 Drivers/STM32F7xx_HAL_Driver/Src/stm32f7xx_hal_cortex.o
                0x00000000080014f8                HAL_NVIC_SetPriority
 .text.HAL_NVIC_EnableIRQ
                0x000000000800155c       0x1c Drivers/STM32F7xx_HAL_Driver/Src/stm32f7xx_hal_cortex.o
                0x000000000800155c                HAL_NVIC_EnableIRQ
 .text.HAL_SYSTICK_Config
                0x0000000008001578       0x2c Drivers/STM32F7xx_HAL_Driver/Src/stm32f7xx_hal_cortex.o
                0x0000000008001578                HAL_SYSTICK_Config
 .text.HAL_SYSTICK_IRQHandler
                0x00000000080015a4        0x8 Drivers/STM32F7xx_HAL_Driver/Src/stm32f7xx_hal_cortex.o
                0x00000000080015a4                HAL_SYSTICK_IRQHandler
 .text.HAL_GPIO_Init
                0x00000000080015ac      0x1e8 Drivers/STM32F7xx_HAL_Driver/Src/stm32f7xx_hal_gpio.o
                0x00000000080015ac                HAL_GPIO_Init
 .text.HAL_GPIO_WritePin
                0x0000000008001794        0xc Drivers/STM32F7xx_HAL_Driver/Src/stm32f7xx_hal_gpio.o
                0x0000000008001794                HAL_GPIO_WritePin
 .text.I2C_Flush_TXDR
                0x00000000080017a0       0x22 Drivers/STM32F7xx_HAL_Driver/Src/stm32f7xx_hal_i2c.o
 .text.I2C_TransferConfig
                0x00000000080017c2       0x3c Drivers/STM32F7xx_HAL_Driver/Src/stm32f7xx_hal_i2c.o
 .text.I2C_IsErrorOccurred
                0x00000000080017fe      0x128 Drivers/STM32F7xx_HAL_Driver/Src/stm32f7xx_hal_i2c.o
 .text.I2C_WaitOnTXISFlagUntilTimeout
                0x0000000008001926       0x56 Drivers/STM32F7xx_HAL_Driver/Src/stm32f7xx_hal_i2c.o
 .text.I2C_WaitOnFlagUntilTimeout
                0x000000000800197c       0x52 Drivers/STM32F7xx_HAL_Driver/Src/stm32f7xx_hal_i2c.o
 .text.I2C_WaitOnSTOPFlagUntilTimeout
                0x00000000080019ce       0x50 Drivers/STM32F7xx_HAL_Driver/Src/stm32f7xx_hal_i2c.o
 .text.I2C_WaitOnRXNEFlagUntilTimeout
                0x0000000008001a1e       0xae Drivers/STM32F7xx_HAL_Driver/Src/stm32f7xx_hal_i2c.o
 .text.HAL_I2C_Init
                0x0000000008001acc       0xbc Drivers/STM32F7xx_HAL_Driver/Src/stm32f7xx_hal_i2c.o
                0x0000000008001acc                HAL_I2C_Init
 .text.HAL_I2C_Master_Transmit
                0x0000000008001b88      0x17c Drivers/STM32F7xx_HAL_Driver/Src/stm32f7xx_hal_i2c.o
                0x0000000008001b88                HAL_I2C_Master_Transmit
 .text.HAL_I2C_Master_Receive
                0x0000000008001d04      0x17c Drivers/STM32F7xx_HAL_Driver/Src/stm32f7xx_hal_i2c.o
                0x0000000008001d04                HAL_I2C_Master_Receive
 .text.HAL_I2CEx_ConfigAnalogFilter
                0x0000000008001e80       0x5c Drivers/STM32F7xx_HAL_Driver/Src/stm32f7xx_hal_i2c_ex.o
                0x0000000008001e80                HAL_I2CEx_ConfigAnalogFilter
 .text.HAL_I2CEx_ConfigDigitalFilter
                0x0000000008001edc       0x58 Drivers/STM32F7xx_HAL_Driver/Src/stm32f7xx_hal_i2c_ex.o
                0x0000000008001edc                HAL_I2CEx_ConfigDigitalFilter
 .text.PCD_WriteEmptyTxFifo
                0x0000000008001f34       0xd4 Drivers/STM32F7xx_HAL_Driver/Src/stm32f7xx_hal_pcd.o
 .text.HAL_PCD_Init
                0x0000000008002008      0x130 Drivers/STM32F7xx_HAL_Driver/Src/stm32f7xx_hal_pcd.o
                0x0000000008002008                HAL_PCD_Init
 .text.HAL_PCD_Start
                0x0000000008002138       0x2a Drivers/STM32F7xx_HAL_Driver/Src/stm32f7xx_hal_pcd.o
                0x0000000008002138                HAL_PCD_Start
 *fill*         0x0000000008002162        0x2 
 .text.PCD_EP_OutXfrComplete_int
                0x0000000008002164      0x100 Drivers/STM32F7xx_HAL_Driver/Src/stm32f7xx_hal_pcd.o
 .text.PCD_EP_OutSetupPacket_int
                0x0000000008002264       0x50 Drivers/STM32F7xx_HAL_Driver/Src/stm32f7xx_hal_pcd.o
 .text.HAL_PCD_IRQHandler
                0x00000000080022b4      0x4dc Drivers/STM32F7xx_HAL_Driver/Src/stm32f7xx_hal_pcd.o
                0x00000000080022b4                HAL_PCD_IRQHandler
 .text.HAL_PCD_SetAddress
                0x0000000008002790       0x28 Drivers/STM32F7xx_HAL_Driver/Src/stm32f7xx_hal_pcd.o
                0x0000000008002790                HAL_PCD_SetAddress
 .text.HAL_PCD_EP_Open
                0x00000000080027b8       0x82 Drivers/STM32F7xx_HAL_Driver/Src/stm32f7xx_hal_pcd.o
                0x00000000080027b8                HAL_PCD_EP_Open
 .text.HAL_PCD_EP_Close
                0x000000000800283a       0x6e Drivers/STM32F7xx_HAL_Driver/Src/stm32f7xx_hal_pcd.o
                0x000000000800283a                HAL_PCD_EP_Close
 .text.HAL_PCD_EP_Receive
                0x00000000080028a8       0x5c Drivers/STM32F7xx_HAL_Driver/Src/stm32f7xx_hal_pcd.o
                0x00000000080028a8                HAL_PCD_EP_Receive
 .text.HAL_PCD_EP_GetRxCount
                0x0000000008002904       0x12 Drivers/STM32F7xx_HAL_Driver/Src/stm32f7xx_hal_pcd.o
                0x0000000008002904                HAL_PCD_EP_GetRxCount
 .text.HAL_PCD_EP_Transmit
                0x0000000008002916       0x54 Drivers/STM32F7xx_HAL_Driver/Src/stm32f7xx_hal_pcd.o
                0x0000000008002916                HAL_PCD_EP_Transmit
 .text.HAL_PCD_EP_SetStall
                0x000000000800296a       0x82 Drivers/STM32F7xx_HAL_Driver/Src/stm32f7xx_hal_pcd.o
                0x000000000800296a                HAL_PCD_EP_SetStall
 .text.HAL_PCD_EP_ClrStall
                0x00000000080029ec       0x6e Drivers/STM32F7xx_HAL_Driver/Src/stm32f7xx_hal_pcd.o
                0x00000000080029ec                HAL_PCD_EP_ClrStall
 .text.HAL_PCDEx_SetTxFiFo
                0x0000000008002a5a       0x48 Drivers/STM32F7xx_HAL_Driver/Src/stm32f7xx_hal_pcd_ex.o
                0x0000000008002a5a                HAL_PCDEx_SetTxFiFo
 .text.HAL_PCDEx_SetRxFiFo
                0x0000000008002aa2        0x8 Drivers/STM32F7xx_HAL_Driver/Src/stm32f7xx_hal_pcd_ex.o
                0x0000000008002aa2                HAL_PCDEx_SetRxFiFo
 *fill*         0x0000000008002aaa        0x2 
 .text.HAL_PCDEx_ActivateLPM
                0x0000000008002aac       0x28 Drivers/STM32F7xx_HAL_Driver/Src/stm32f7xx_hal_pcd_ex.o
                0x0000000008002aac                HAL_PCDEx_ActivateLPM
 .text.HAL_PWREx_EnableOverDrive
                0x0000000008002ad4       0x7c Drivers/STM32F7xx_HAL_Driver/Src/stm32f7xx_hal_pwr_ex.o
                0x0000000008002ad4                HAL_PWREx_EnableOverDrive
 .text.HAL_RCC_OscConfig
                0x0000000008002b50      0x434 Drivers/STM32F7xx_HAL_Driver/Src/stm32f7xx_hal_rcc.o
                0x0000000008002b50                HAL_RCC_OscConfig
 .text.HAL_RCC_GetSysClockFreq
                0x0000000008002f84       0xa8 Drivers/STM32F7xx_HAL_Driver/Src/stm32f7xx_hal_rcc.o
                0x0000000008002f84                HAL_RCC_GetSysClockFreq
 .text.HAL_RCC_ClockConfig
                0x000000000800302c      0x168 Drivers/STM32F7xx_HAL_Driver/Src/stm32f7xx_hal_rcc.o
                0x000000000800302c                HAL_RCC_ClockConfig
 .text.HAL_RCC_GetHCLKFreq
                0x0000000008003194        0xc Drivers/STM32F7xx_HAL_Driver/Src/stm32f7xx_hal_rcc.o
                0x0000000008003194                HAL_RCC_GetHCLKFreq
 .text.HAL_RCCEx_PeriphCLKConfig
                0x00000000080031a0      0x5a4 Drivers/STM32F7xx_HAL_Driver/Src/stm32f7xx_hal_rcc_ex.o
                0x00000000080031a0                HAL_RCCEx_PeriphCLKConfig
 .text.USB_CoreReset
                0x0000000008003744       0x4c Drivers/STM32F7xx_HAL_Driver/Src/stm32f7xx_ll_usb.o
 .text.USB_CoreInit
                0x0000000008003790       0x7c Drivers/STM32F7xx_HAL_Driver/Src/stm32f7xx_ll_usb.o
                0x0000000008003790                USB_CoreInit
 .text.USB_SetTurnaroundTime
                0x000000000800380c       0xec Drivers/STM32F7xx_HAL_Driver/Src/stm32f7xx_ll_usb.o
                0x000000000800380c                USB_SetTurnaroundTime
 .text.USB_EnableGlobalInt
                0x00000000080038f8        0xc Drivers/STM32F7xx_HAL_Driver/Src/stm32f7xx_ll_usb.o
                0x00000000080038f8                USB_EnableGlobalInt
 .text.USB_DisableGlobalInt
                0x0000000008003904        0xc Drivers/STM32F7xx_HAL_Driver/Src/stm32f7xx_ll_usb.o
                0x0000000008003904                USB_DisableGlobalInt
 .text.USB_FlushTxFifo
                0x0000000008003910       0x4c Drivers/STM32F7xx_HAL_Driver/Src/stm32f7xx_ll_usb.o
                0x0000000008003910                USB_FlushTxFifo
 .text.USB_FlushRxFifo
                0x000000000800395c       0x48 Drivers/STM32F7xx_HAL_Driver/Src/stm32f7xx_ll_usb.o
                0x000000000800395c                USB_FlushRxFifo
 .text.USB_SetDevSpeed
                0x00000000080039a4        0xe Drivers/STM32F7xx_HAL_Driver/Src/stm32f7xx_ll_usb.o
                0x00000000080039a4                USB_SetDevSpeed
 *fill*         0x00000000080039b2        0x2 
 .text.USB_DevInit
                0x00000000080039b4      0x188 Drivers/STM32F7xx_HAL_Driver/Src/stm32f7xx_ll_usb.o
                0x00000000080039b4                USB_DevInit
 .text.USB_GetDevSpeed
                0x0000000008003b3c       0x1e Drivers/STM32F7xx_HAL_Driver/Src/stm32f7xx_ll_usb.o
                0x0000000008003b3c                USB_GetDevSpeed
 *fill*         0x0000000008003b5a        0x2 
 .text.USB_ActivateEndpoint
                0x0000000008003b5c       0x90 Drivers/STM32F7xx_HAL_Driver/Src/stm32f7xx_ll_usb.o
                0x0000000008003b5c                USB_ActivateEndpoint
 .text.USB_DeactivateEndpoint
                0x0000000008003bec       0xdc Drivers/STM32F7xx_HAL_Driver/Src/stm32f7xx_ll_usb.o
                0x0000000008003bec                USB_DeactivateEndpoint
 .text.USB_EP0StartXfer
                0x0000000008003cc8      0x118 Drivers/STM32F7xx_HAL_Driver/Src/stm32f7xx_ll_usb.o
                0x0000000008003cc8                USB_EP0StartXfer
 .text.USB_WritePacket
                0x0000000008003de0       0x28 Drivers/STM32F7xx_HAL_Driver/Src/stm32f7xx_ll_usb.o
                0x0000000008003de0                USB_WritePacket
 .text.USB_EPStartXfer
                0x0000000008003e08      0x218 Drivers/STM32F7xx_HAL_Driver/Src/stm32f7xx_ll_usb.o
                0x0000000008003e08                USB_EPStartXfer
 .text.USB_ReadPacket
                0x0000000008004020       0x4e Drivers/STM32F7xx_HAL_Driver/Src/stm32f7xx_ll_usb.o
                0x0000000008004020                USB_ReadPacket
 .text.USB_EPSetStall
                0x000000000800406e       0x5a Drivers/STM32F7xx_HAL_Driver/Src/stm32f7xx_ll_usb.o
                0x000000000800406e                USB_EPSetStall
 .text.USB_EPClearStall
                0x00000000080040c8       0x5c Drivers/STM32F7xx_HAL_Driver/Src/stm32f7xx_ll_usb.o
                0x00000000080040c8                USB_EPClearStall
 .text.USB_SetDevAddress
                0x0000000008004124       0x20 Drivers/STM32F7xx_HAL_Driver/Src/stm32f7xx_ll_usb.o
                0x0000000008004124                USB_SetDevAddress
 .text.USB_DevConnect
                0x0000000008004144       0x1c Drivers/STM32F7xx_HAL_Driver/Src/stm32f7xx_ll_usb.o
                0x0000000008004144                USB_DevConnect
 .text.USB_DevDisconnect
                0x0000000008004160       0x1c Drivers/STM32F7xx_HAL_Driver/Src/stm32f7xx_ll_usb.o
                0x0000000008004160                USB_DevDisconnect
 .text.USB_ReadInterrupts
                0x000000000800417c        0x8 Drivers/STM32F7xx_HAL_Driver/Src/stm32f7xx_ll_usb.o
                0x000000000800417c                USB_ReadInterrupts
 .text.USB_ReadDevAllOutEpInterrupt
                0x0000000008004184       0x10 Drivers/STM32F7xx_HAL_Driver/Src/stm32f7xx_ll_usb.o
                0x0000000008004184                USB_ReadDevAllOutEpInterrupt
 .text.USB_ReadDevAllInEpInterrupt
                0x0000000008004194       0x10 Drivers/STM32F7xx_HAL_Driver/Src/stm32f7xx_ll_usb.o
                0x0000000008004194                USB_ReadDevAllInEpInterrupt
 .text.USB_ReadDevOutEPInterrupt
                0x00000000080041a4       0x12 Drivers/STM32F7xx_HAL_Driver/Src/stm32f7xx_ll_usb.o
                0x00000000080041a4                USB_ReadDevOutEPInterrupt
 .text.USB_ReadDevInEPInterrupt
                0x00000000080041b6       0x28 Drivers/STM32F7xx_HAL_Driver/Src/stm32f7xx_ll_usb.o
                0x00000000080041b6                USB_ReadDevInEPInterrupt
 .text.USB_GetMode
                0x00000000080041de        0x8 Drivers/STM32F7xx_HAL_Driver/Src/stm32f7xx_ll_usb.o
                0x00000000080041de                USB_GetMode
 .text.USB_SetCurrentMode
                0x00000000080041e6       0x62 Drivers/STM32F7xx_HAL_Driver/Src/stm32f7xx_ll_usb.o
                0x00000000080041e6                USB_SetCurrentMode
 .text.USB_ActivateSetup
                0x0000000008004248       0x20 Drivers/STM32F7xx_HAL_Driver/Src/stm32f7xx_ll_usb.o
                0x0000000008004248                USB_ActivateSetup
 .text.USB_EP0_OutStart
                0x0000000008004268       0x60 Drivers/STM32F7xx_HAL_Driver/Src/stm32f7xx_ll_usb.o
                0x0000000008004268                USB_EP0_OutStart
 .text.USBD_CDC_EP0_RxReady
                0x00000000080042c8       0x28 Middlewares/ST/STM32_USB_Device_Library/Class/CDC/Src/usbd_cdc.o
 .text.USBD_CDC_GetFSCfgDesc
                0x00000000080042f0        0xc Middlewares/ST/STM32_USB_Device_Library/Class/CDC/Src/usbd_cdc.o
 .text.USBD_CDC_GetHSCfgDesc
                0x00000000080042fc        0xc Middlewares/ST/STM32_USB_Device_Library/Class/CDC/Src/usbd_cdc.o
 .text.USBD_CDC_GetOtherSpeedCfgDesc
                0x0000000008004308        0xc Middlewares/ST/STM32_USB_Device_Library/Class/CDC/Src/usbd_cdc.o
 .text.USBD_CDC_GetDeviceQualifierDescriptor
                0x0000000008004314        0xc Middlewares/ST/STM32_USB_Device_Library/Class/CDC/Src/usbd_cdc.o
                0x0000000008004314                USBD_CDC_GetDeviceQualifierDescriptor
 .text.USBD_CDC_DataOut
                0x0000000008004320       0x2a Middlewares/ST/STM32_USB_Device_Library/Class/CDC/Src/usbd_cdc.o
 .text.USBD_CDC_DataIn
                0x000000000800434a       0x66 Middlewares/ST/STM32_USB_Device_Library/Class/CDC/Src/usbd_cdc.o
 .text.USBD_CDC_Setup
                0x00000000080043b0       0xe8 Middlewares/ST/STM32_USB_Device_Library/Class/CDC/Src/usbd_cdc.o
 .text.USBD_CDC_DeInit
                0x0000000008004498       0x48 Middlewares/ST/STM32_USB_Device_Library/Class/CDC/Src/usbd_cdc.o
 .text.USBD_CDC_Init
                0x00000000080044e0       0xc2 Middlewares/ST/STM32_USB_Device_Library/Class/CDC/Src/usbd_cdc.o
 .text.USBD_CDC_RegisterInterface
                0x00000000080045a2        0xe Middlewares/ST/STM32_USB_Device_Library/Class/CDC/Src/usbd_cdc.o
                0x00000000080045a2                USBD_CDC_RegisterInterface
 .text.USBD_CDC_SetTxBuffer
                0x00000000080045b0       0x10 Middlewares/ST/STM32_USB_Device_Library/Class/CDC/Src/usbd_cdc.o
                0x00000000080045b0                USBD_CDC_SetTxBuffer
 .text.USBD_CDC_SetRxBuffer
                0x00000000080045c0        0xc Middlewares/ST/STM32_USB_Device_Library/Class/CDC/Src/usbd_cdc.o
                0x00000000080045c0                USBD_CDC_SetRxBuffer
 .text.USBD_CDC_ReceivePacket
                0x00000000080045cc       0x32 Middlewares/ST/STM32_USB_Device_Library/Class/CDC/Src/usbd_cdc.o
                0x00000000080045cc                USBD_CDC_ReceivePacket
 .text.USBD_Init
                0x00000000080045fe       0x38 Middlewares/ST/STM32_USB_Device_Library/Core/Src/usbd_core.o
                0x00000000080045fe                USBD_Init
 .text.USBD_RegisterClass
                0x0000000008004636       0x28 Middlewares/ST/STM32_USB_Device_Library/Core/Src/usbd_core.o
                0x0000000008004636                USBD_RegisterClass
 .text.USBD_Start
                0x000000000800465e        0x8 Middlewares/ST/STM32_USB_Device_Library/Core/Src/usbd_core.o
                0x000000000800465e                USBD_Start
 .text.USBD_SetClassConfig
                0x0000000008004666       0x12 Middlewares/ST/STM32_USB_Device_Library/Core/Src/usbd_core.o
                0x0000000008004666                USBD_SetClassConfig
 .text.USBD_ClrClassConfig
                0x0000000008004678       0x10 Middlewares/ST/STM32_USB_Device_Library/Core/Src/usbd_core.o
                0x0000000008004678                USBD_ClrClassConfig
 .text.USBD_LL_SetupStage
                0x0000000008004688       0x58 Middlewares/ST/STM32_USB_Device_Library/Core/Src/usbd_core.o
                0x0000000008004688                USBD_LL_SetupStage
 .text.USBD_LL_DataOutStage
                0x00000000080046e0       0x72 Middlewares/ST/STM32_USB_Device_Library/Core/Src/usbd_core.o
                0x00000000080046e0                USBD_LL_DataOutStage
 .text.USBD_LL_DataInStage
                0x0000000008004752       0xb6 Middlewares/ST/STM32_USB_Device_Library/Core/Src/usbd_core.o
                0x0000000008004752                USBD_LL_DataInStage
 .text.USBD_LL_Reset
                0x0000000008004808       0x52 Middlewares/ST/STM32_USB_Device_Library/Core/Src/usbd_core.o
                0x0000000008004808                USBD_LL_Reset
 .text.USBD_LL_SetSpeed
                0x000000000800485a        0x6 Middlewares/ST/STM32_USB_Device_Library/Core/Src/usbd_core.o
                0x000000000800485a                USBD_LL_SetSpeed
 .text.USBD_LL_Suspend
                0x0000000008004860       0x12 Middlewares/ST/STM32_USB_Device_Library/Core/Src/usbd_core.o
                0x0000000008004860                USBD_LL_Suspend
 .text.USBD_LL_Resume
                0x0000000008004872       0x16 Middlewares/ST/STM32_USB_Device_Library/Core/Src/usbd_core.o
                0x0000000008004872                USBD_LL_Resume
 .text.USBD_LL_SOF
                0x0000000008004888       0x1c Middlewares/ST/STM32_USB_Device_Library/Core/Src/usbd_core.o
                0x0000000008004888                USBD_LL_SOF
 .text.USBD_LL_IsoINIncomplete
                0x00000000080048a4        0x4 Middlewares/ST/STM32_USB_Device_Library/Core/Src/usbd_core.o
                0x00000000080048a4                USBD_LL_IsoINIncomplete
 .text.USBD_LL_IsoOUTIncomplete
                0x00000000080048a8        0x4 Middlewares/ST/STM32_USB_Device_Library/Core/Src/usbd_core.o
                0x00000000080048a8                USBD_LL_IsoOUTIncomplete
 .text.USBD_LL_DevConnected
                0x00000000080048ac        0x4 Middlewares/ST/STM32_USB_Device_Library/Core/Src/usbd_core.o
                0x00000000080048ac                USBD_LL_DevConnected
 .text.USBD_LL_DevDisconnected
                0x00000000080048b0       0x18 Middlewares/ST/STM32_USB_Device_Library/Core/Src/usbd_core.o
                0x00000000080048b0                USBD_LL_DevDisconnected
 .text.USBD_GetLen
                0x00000000080048c8       0x14 Middlewares/ST/STM32_USB_Device_Library/Core/Src/usbd_ctlreq.o
 .text.USBD_SetFeature
                0x00000000080048dc       0x14 Middlewares/ST/STM32_USB_Device_Library/Core/Src/usbd_ctlreq.o
 .text.USBD_ParseSetupRequest
                0x00000000080048f0       0x28 Middlewares/ST/STM32_USB_Device_Library/Core/Src/usbd_ctlreq.o
                0x00000000080048f0                USBD_ParseSetupRequest
 .text.USBD_CtlError
                0x0000000008004918       0x14 Middlewares/ST/STM32_USB_Device_Library/Core/Src/usbd_ctlreq.o
                0x0000000008004918                USBD_CtlError
 .text.USBD_GetDescriptor
                0x000000000800492c      0x1ac Middlewares/ST/STM32_USB_Device_Library/Core/Src/usbd_ctlreq.o
 .text.USBD_SetAddress
                0x0000000008004ad8       0x4e Middlewares/ST/STM32_USB_Device_Library/Core/Src/usbd_ctlreq.o
 *fill*         0x0000000008004b26        0x2 
 .text.USBD_SetConfig
                0x0000000008004b28       0xc8 Middlewares/ST/STM32_USB_Device_Library/Core/Src/usbd_ctlreq.o
 .text.USBD_GetConfig
                0x0000000008004bf0       0x3c Middlewares/ST/STM32_USB_Device_Library/Core/Src/usbd_ctlreq.o
 .text.USBD_GetStatus
                0x0000000008004c2c       0x38 Middlewares/ST/STM32_USB_Device_Library/Core/Src/usbd_ctlreq.o
 .text.USBD_ClrFeature
                0x0000000008004c64       0x26 Middlewares/ST/STM32_USB_Device_Library/Core/Src/usbd_ctlreq.o
 .text.USBD_StdDevReq
                0x0000000008004c8a       0x76 Middlewares/ST/STM32_USB_Device_Library/Core/Src/usbd_ctlreq.o
                0x0000000008004c8a                USBD_StdDevReq
 .text.USBD_StdItfReq
                0x0000000008004d00       0x68 Middlewares/ST/STM32_USB_Device_Library/Core/Src/usbd_ctlreq.o
                0x0000000008004d00                USBD_StdItfReq
 .text.USBD_StdEPReq
                0x0000000008004d68      0x230 Middlewares/ST/STM32_USB_Device_Library/Core/Src/usbd_ctlreq.o
                0x0000000008004d68                USBD_StdEPReq
 .text.USBD_GetString
                0x0000000008004f98       0x38 Middlewares/ST/STM32_USB_Device_Library/Core/Src/usbd_ctlreq.o
                0x0000000008004f98                USBD_GetString
 .text.USBD_CtlSendData
                0x0000000008004fd0       0x1a Middlewares/ST/STM32_USB_Device_Library/Core/Src/usbd_ioreq.o
                0x0000000008004fd0                USBD_CtlSendData
 .text.USBD_CtlContinueSendData
                0x0000000008004fea       0x10 Middlewares/ST/STM32_USB_Device_Library/Core/Src/usbd_ioreq.o
                0x0000000008004fea                USBD_CtlContinueSendData
 .text.USBD_CtlPrepareRx
                0x0000000008004ffa       0x1e Middlewares/ST/STM32_USB_Device_Library/Core/Src/usbd_ioreq.o
                0x0000000008004ffa                USBD_CtlPrepareRx
 .text.USBD_CtlContinueRx
                0x0000000008005018       0x10 Middlewares/ST/STM32_USB_Device_Library/Core/Src/usbd_ioreq.o
                0x0000000008005018                USBD_CtlContinueRx
 .text.USBD_CtlSendStatus
                0x0000000008005028       0x16 Middlewares/ST/STM32_USB_Device_Library/Core/Src/usbd_ioreq.o
                0x0000000008005028                USBD_CtlSendStatus
 .text.USBD_CtlReceiveStatus
                0x000000000800503e       0x16 Middlewares/ST/STM32_USB_Device_Library/Core/Src/usbd_ioreq.o
                0x000000000800503e                USBD_CtlReceiveStatus
 .text.I2CReadReg
                0x0000000008005054       0x4c Src/CO23Click.o
 .text.C02Click_Init
                0x00000000080050a0       0x24 Src/CO23Click.o
                0x00000000080050a0                C02Click_Init
 .text.C02Click_GetProdId
                0x00000000080050c4        0xa Src/CO23Click.o
                0x00000000080050c4                C02Click_GetProdId
 *fill*         0x00000000080050ce        0x2 
 .text.GUI_X_Config
                0x00000000080050d0       0x1c Src/GUIConf.o
                0x00000000080050d0                GUI_X_Config
 .text.GUI_X_GetTime
                0x00000000080050ec        0xc Src/GUI_X.o
                0x00000000080050ec                GUI_X_GetTime
 .text.GUI_X_Delay
                0x00000000080050f8       0x18 Src/GUI_X.o
                0x00000000080050f8                GUI_X_Delay
 .text.GUI_X_Init
                0x0000000008005110        0x2 Src/GUI_X.o
                0x0000000008005110                GUI_X_Init
 .text.GUI_TOUCH_X_ActivateX
                0x0000000008005112        0x2 Src/LCDConf.o
                0x0000000008005112                GUI_TOUCH_X_ActivateX
 .text.GUI_TOUCH_X_ActivateY
                0x0000000008005114        0x2 Src/LCDConf.o
                0x0000000008005114                GUI_TOUCH_X_ActivateY
 .text.GUI_TOUCH_X_MeasureX
                0x0000000008005116        0x8 Src/LCDConf.o
                0x0000000008005116                GUI_TOUCH_X_MeasureX
 .text.GUI_TOUCH_X_MeasureY
                0x000000000800511e        0x8 Src/LCDConf.o
                0x000000000800511e                GUI_TOUCH_X_MeasureY
 *fill*         0x0000000008005126        0x2 
 .text.LCD_X_Config
                0x0000000008005128       0xb0 Src/LCDConf.o
                0x0000000008005128                LCD_X_Config
 .text.LCD_X_DisplayDriver
                0x00000000080051d8       0x18 Src/LCDConf.o
                0x00000000080051d8                LCD_X_DisplayDriver
 .text.MX_GPIO_Init
                0x00000000080051f0       0xc0 Src/main.o
 .text.MX_I2C1_Init
                0x00000000080052b0       0x44 Src/main.o
 .text.MX_I2C2_Init
                0x00000000080052f4       0x44 Src/main.o
 .text.HAL_SYSTICK_Callback
                0x0000000008005338       0x10 Src/main.o
                0x0000000008005338                HAL_SYSTICK_Callback
 .text.SystemClock_Config
                0x0000000008005348       0xb4 Src/main.o
                0x0000000008005348                SystemClock_Config
 .text.main     0x00000000080053fc      0x11c Src/main.o
                0x00000000080053fc                main
 .text.Error_Handler
                0x0000000008005518        0x2 Src/main.o
                0x0000000008005518                Error_Handler
 *fill*         0x000000000800551a        0x2 
 .text.HAL_MspInit
                0x000000000800551c       0x30 Src/stm32f7xx_hal_msp.o
                0x000000000800551c                HAL_MspInit
 .text.HAL_I2C_MspInit
                0x000000000800554c       0xbc Src/stm32f7xx_hal_msp.o
                0x000000000800554c                HAL_I2C_MspInit
 .text.NMI_Handler
                0x0000000008005608        0x2 Src/stm32f7xx_it.o
                0x0000000008005608                NMI_Handler
 .text.HardFault_Handler
                0x000000000800560a        0x2 Src/stm32f7xx_it.o
                0x000000000800560a                HardFault_Handler
 .text.MemManage_Handler
                0x000000000800560c        0x2 Src/stm32f7xx_it.o
                0x000000000800560c                MemManage_Handler
 .text.BusFault_Handler
                0x000000000800560e        0x2 Src/stm32f7xx_it.o
                0x000000000800560e                BusFault_Handler
 .text.UsageFault_Handler
                0x0000000008005610        0x2 Src/stm32f7xx_it.o
                0x0000000008005610                UsageFault_Handler
 .text.SVC_Handler
                0x0000000008005612        0x2 Src/stm32f7xx_it.o
                0x0000000008005612                SVC_Handler
 .text.DebugMon_Handler
                0x0000000008005614        0x2 Src/stm32f7xx_it.o
                0x0000000008005614                DebugMon_Handler
 .text.PendSV_Handler
                0x0000000008005616        0x2 Src/stm32f7xx_it.o
                0x0000000008005616                PendSV_Handler
 .text.SysTick_Handler
                0x0000000008005618        0xc Src/stm32f7xx_it.o
                0x0000000008005618                SysTick_Handler
 .text.OTG_FS_IRQHandler
                0x0000000008005624       0x10 Src/stm32f7xx_it.o
                0x0000000008005624                OTG_FS_IRQHandler
 .text._sbrk    0x0000000008005634       0x3c Src/sysmem.o
                0x0000000008005634                _sbrk
 .text.SystemInit
                0x0000000008005670       0x14 Src/system_stm32f7xx.o
                0x0000000008005670                SystemInit
 .text.MX_USB_DEVICE_Init
                0x0000000008005684       0x54 Src/usb_device.o
                0x0000000008005684                MX_USB_DEVICE_Init
 .text.CDC_DeInit_FS
                0x00000000080056d8        0x4 Src/usbd_cdc_if.o
 .text.CDC_Control_FS
                0x00000000080056dc        0x4 Src/usbd_cdc_if.o
 .text.CDC_TransmitCplt_FS
                0x00000000080056e0        0x4 Src/usbd_cdc_if.o
 .text.CDC_Receive_FS
                0x00000000080056e4       0x1c Src/usbd_cdc_if.o
 .text.CDC_Init_FS
                0x0000000008005700       0x28 Src/usbd_cdc_if.o
 .text.SystemClockConfig_Resume
                0x0000000008005728        0x8 Src/usbd_conf.o
 .text.HAL_PCD_MspInit
                0x0000000008005730       0x88 Src/usbd_conf.o
                0x0000000008005730                HAL_PCD_MspInit
 .text.HAL_PCD_SetupStageCallback
                0x00000000080057b8       0x10 Src/usbd_conf.o
                0x00000000080057b8                HAL_PCD_SetupStageCallback
 .text.HAL_PCD_DataOutStageCallback
                0x00000000080057c8       0x18 Src/usbd_conf.o
                0x00000000080057c8                HAL_PCD_DataOutStageCallback
 .text.HAL_PCD_DataInStageCallback
                0x00000000080057e0       0x16 Src/usbd_conf.o
                0x00000000080057e0                HAL_PCD_DataInStageCallback
 .text.HAL_PCD_SOFCallback
                0x00000000080057f6        0xc Src/usbd_conf.o
                0x00000000080057f6                HAL_PCD_SOFCallback
 .text.HAL_PCD_ResetCallback
                0x0000000008005802       0x2c Src/usbd_conf.o
                0x0000000008005802                HAL_PCD_ResetCallback
 *fill*         0x000000000800582e        0x2 
 .text.HAL_PCD_SuspendCallback
                0x0000000008005830       0x30 Src/usbd_conf.o
                0x0000000008005830                HAL_PCD_SuspendCallback
 .text.HAL_PCD_ResumeCallback
                0x0000000008005860        0xc Src/usbd_conf.o
                0x0000000008005860                HAL_PCD_ResumeCallback
 .text.HAL_PCD_ISOOUTIncompleteCallback
                0x000000000800586c        0xc Src/usbd_conf.o
                0x000000000800586c                HAL_PCD_ISOOUTIncompleteCallback
 .text.HAL_PCD_ISOINIncompleteCallback
                0x0000000008005878        0xc Src/usbd_conf.o
                0x0000000008005878                HAL_PCD_ISOINIncompleteCallback
 .text.HAL_PCD_ConnectCallback
                0x0000000008005884        0xc Src/usbd_conf.o
                0x0000000008005884                HAL_PCD_ConnectCallback
 .text.HAL_PCD_DisconnectCallback
                0x0000000008005890        0xc Src/usbd_conf.o
                0x0000000008005890                HAL_PCD_DisconnectCallback
 .text.USBD_LL_Init
                0x000000000800589c       0x68 Src/usbd_conf.o
                0x000000000800589c                USBD_LL_Init
 .text.USBD_LL_IsStallEP
                0x0000000008005904       0x2e Src/usbd_conf.o
                0x0000000008005904                USBD_LL_IsStallEP
 .text.USBD_LL_GetRxDataSize
                0x0000000008005932        0xc Src/usbd_conf.o
                0x0000000008005932                USBD_LL_GetRxDataSize
 *fill*         0x000000000800593e        0x2 
 .text.HAL_PCDEx_LPM_Callback
                0x0000000008005940       0x64 Src/usbd_conf.o
                0x0000000008005940                HAL_PCDEx_LPM_Callback
 .text.USBD_Get_USB_Status
                0x00000000080059a4       0x12 Src/usbd_conf.o
                0x00000000080059a4                USBD_Get_USB_Status
 .text.USBD_LL_Start
                0x00000000080059b6       0x10 Src/usbd_conf.o
                0x00000000080059b6                USBD_LL_Start
 .text.USBD_LL_OpenEP
                0x00000000080059c6       0x16 Src/usbd_conf.o
                0x00000000080059c6                USBD_LL_OpenEP
 .text.USBD_LL_CloseEP
                0x00000000080059dc       0x10 Src/usbd_conf.o
                0x00000000080059dc                USBD_LL_CloseEP
 .text.USBD_LL_StallEP
                0x00000000080059ec       0x10 Src/usbd_conf.o
                0x00000000080059ec                USBD_LL_StallEP
 .text.USBD_LL_ClearStallEP
                0x00000000080059fc       0x10 Src/usbd_conf.o
                0x00000000080059fc                USBD_LL_ClearStallEP
 .text.USBD_LL_SetUSBAddress
                0x0000000008005a0c       0x10 Src/usbd_conf.o
                0x0000000008005a0c                USBD_LL_SetUSBAddress
 .text.USBD_LL_Transmit
                0x0000000008005a1c       0x10 Src/usbd_conf.o
                0x0000000008005a1c                USBD_LL_Transmit
 .text.USBD_LL_PrepareReceive
                0x0000000008005a2c       0x10 Src/usbd_conf.o
                0x0000000008005a2c                USBD_LL_PrepareReceive
 .text.USBD_FS_DeviceDescriptor
                0x0000000008005a3c        0xc Src/usbd_desc.o
                0x0000000008005a3c                USBD_FS_DeviceDescriptor
 .text.USBD_FS_LangIDStrDescriptor
                0x0000000008005a48        0xc Src/usbd_desc.o
                0x0000000008005a48                USBD_FS_LangIDStrDescriptor
 .text.USBD_FS_USR_BOSDescriptor
                0x0000000008005a54        0xc Src/usbd_desc.o
                0x0000000008005a54                USBD_FS_USR_BOSDescriptor
 .text.IntToUnicode
                0x0000000008005a60       0x36 Src/usbd_desc.o
 *fill*         0x0000000008005a96        0x2 
 .text.Get_SerialNum
                0x0000000008005a98       0x34 Src/usbd_desc.o
 .text.USBD_FS_SerialStrDescriptor
                0x0000000008005acc       0x14 Src/usbd_desc.o
                0x0000000008005acc                USBD_FS_SerialStrDescriptor
 .text.USBD_FS_ProductStrDescriptor
                0x0000000008005ae0       0x24 Src/usbd_desc.o
                0x0000000008005ae0                USBD_FS_ProductStrDescriptor
 .text.USBD_FS_ManufacturerStrDescriptor
                0x0000000008005b04       0x1c Src/usbd_desc.o
                0x0000000008005b04                USBD_FS_ManufacturerStrDescriptor
 .text.USBD_FS_ConfigStrDescriptor
                0x0000000008005b20       0x24 Src/usbd_desc.o
                0x0000000008005b20                USBD_FS_ConfigStrDescriptor
 .text.USBD_FS_InterfaceStrDescriptor
                0x0000000008005b44       0x24 Src/usbd_desc.o
                0x0000000008005b44                USBD_FS_InterfaceStrDescriptor
 .text.Reset_Handler
                0x0000000008005b68       0x50 Startup/startup_stm32f746zgtx.o
                0x0000000008005b68                Reset_Handler
 .text.Default_Handler
                0x0000000008005bb8        0x2 Startup/startup_stm32f746zgtx.o
                0x0000000008005bb8                RTC_Alarm_IRQHandler
                0x0000000008005bb8                EXTI2_IRQHandler
                0x0000000008005bb8                TIM8_CC_IRQHandler
                0x0000000008005bb8                UART8_IRQHandler
                0x0000000008005bb8                SPI4_IRQHandler
                0x0000000008005bb8                TIM1_CC_IRQHandler
                0x0000000008005bb8                DMA2_Stream5_IRQHandler
                0x0000000008005bb8                DMA1_Stream5_IRQHandler
                0x0000000008005bb8                PVD_IRQHandler
                0x0000000008005bb8                TAMP_STAMP_IRQHandler
                0x0000000008005bb8                CAN2_RX1_IRQHandler
                0x0000000008005bb8                EXTI3_IRQHandler
                0x0000000008005bb8                TIM8_TRG_COM_TIM14_IRQHandler
                0x0000000008005bb8                TIM1_UP_TIM10_IRQHandler
                0x0000000008005bb8                TIM8_UP_TIM13_IRQHandler
                0x0000000008005bb8                I2C3_ER_IRQHandler
                0x0000000008005bb8                EXTI0_IRQHandler
                0x0000000008005bb8                I2C2_EV_IRQHandler
                0x0000000008005bb8                DMA1_Stream2_IRQHandler
                0x0000000008005bb8                CAN1_RX0_IRQHandler
                0x0000000008005bb8                FPU_IRQHandler
                0x0000000008005bb8                OTG_HS_WKUP_IRQHandler
                0x0000000008005bb8                LTDC_ER_IRQHandler
                0x0000000008005bb8                CAN2_SCE_IRQHandler
                0x0000000008005bb8                DMA2_Stream2_IRQHandler
                0x0000000008005bb8                SPI1_IRQHandler
                0x0000000008005bb8                TIM6_DAC_IRQHandler
                0x0000000008005bb8                TIM1_BRK_TIM9_IRQHandler
                0x0000000008005bb8                DCMI_IRQHandler
                0x0000000008005bb8                CAN2_RX0_IRQHandler
                0x0000000008005bb8                DMA2_Stream3_IRQHandler
                0x0000000008005bb8                SAI2_IRQHandler
                0x0000000008005bb8                USART6_IRQHandler
                0x0000000008005bb8                USART3_IRQHandler
                0x0000000008005bb8                CAN1_RX1_IRQHandler
                0x0000000008005bb8                UART5_IRQHandler
                0x0000000008005bb8                DMA2_Stream0_IRQHandler
                0x0000000008005bb8                TIM4_IRQHandler
                0x0000000008005bb8                QUADSPI_IRQHandler
                0x0000000008005bb8                I2C1_EV_IRQHandler
                0x0000000008005bb8                DMA1_Stream6_IRQHandler
                0x0000000008005bb8                DMA1_Stream1_IRQHandler
                0x0000000008005bb8                UART4_IRQHandler
                0x0000000008005bb8                TIM3_IRQHandler
                0x0000000008005bb8                RCC_IRQHandler
                0x0000000008005bb8                TIM8_BRK_TIM12_IRQHandler
                0x0000000008005bb8                Default_Handler
                0x0000000008005bb8                CEC_IRQHandler
                0x0000000008005bb8                EXTI15_10_IRQHandler
                0x0000000008005bb8                ADC_IRQHandler
                0x0000000008005bb8                DMA1_Stream7_IRQHandler
                0x0000000008005bb8                SPI5_IRQHandler
                0x0000000008005bb8                TIM7_IRQHandler
                0x0000000008005bb8                SDMMC1_IRQHandler
                0x0000000008005bb8                CAN2_TX_IRQHandler
                0x0000000008005bb8                TIM5_IRQHandler
                0x0000000008005bb8                DMA2_Stream7_IRQHandler
                0x0000000008005bb8                I2C3_EV_IRQHandler
                0x0000000008005bb8                EXTI9_5_IRQHandler
                0x0000000008005bb8                RTC_WKUP_IRQHandler
                0x0000000008005bb8                LTDC_IRQHandler
                0x0000000008005bb8                ETH_WKUP_IRQHandler
                0x0000000008005bb8                SPDIF_RX_IRQHandler
                0x0000000008005bb8                SPI2_IRQHandler
                0x0000000008005bb8                OTG_HS_EP1_IN_IRQHandler
                0x0000000008005bb8                DMA1_Stream0_IRQHandler
                0x0000000008005bb8                CAN1_TX_IRQHandler
                0x0000000008005bb8                EXTI4_IRQHandler
                0x0000000008005bb8                RNG_IRQHandler
                0x0000000008005bb8                ETH_IRQHandler
                0x0000000008005bb8                OTG_HS_EP1_OUT_IRQHandler
                0x0000000008005bb8                WWDG_IRQHandler
                0x0000000008005bb8                SPI6_IRQHandler
                0x0000000008005bb8                I2C4_EV_IRQHandler
                0x0000000008005bb8                TIM2_IRQHandler
                0x0000000008005bb8                OTG_FS_WKUP_IRQHandler
                0x0000000008005bb8                TIM1_TRG_COM_TIM11_IRQHandler
                0x0000000008005bb8                OTG_HS_IRQHandler
                0x0000000008005bb8                DMA2D_IRQHandler
                0x0000000008005bb8                EXTI1_IRQHandler
                0x0000000008005bb8                UART7_IRQHandler
                0x0000000008005bb8                USART2_IRQHandler
                0x0000000008005bb8                I2C2_ER_IRQHandler
                0x0000000008005bb8                DMA2_Stream1_IRQHandler
                0x0000000008005bb8                CAN1_SCE_IRQHandler
                0x0000000008005bb8                FLASH_IRQHandler
                0x0000000008005bb8                DMA2_Stream4_IRQHandler
                0x0000000008005bb8                USART1_IRQHandler
                0x0000000008005bb8                SPI3_IRQHandler
                0x0000000008005bb8                DMA1_Stream4_IRQHandler
                0x0000000008005bb8                I2C1_ER_IRQHandler
                0x0000000008005bb8                FMC_IRQHandler
                0x0000000008005bb8                LPTIM1_IRQHandler
                0x0000000008005bb8                I2C4_ER_IRQHandler
                0x0000000008005bb8                DMA2_Stream6_IRQHandler
                0x0000000008005bb8                SAI1_IRQHandler
                0x0000000008005bb8                DMA1_Stream3_IRQHandler
 .text._SetPhysRAMAddr
                0x0000000008005bba       0xc0 ../STemWinLib/Lib\libSTemWIN532_CM7_GCC.a(GUIDRV_FlexColor_Func66720.o)
 .text._SetRect
                0x0000000008005c7a      0x176 ../STemWinLib/Lib\libSTemWIN532_CM7_GCC.a(GUIDRV_FlexColor_Func66720.o)
 .text._SetOrientation
                0x0000000008005df0       0x3c ../STemWinLib/Lib\libSTemWIN532_CM7_GCC.a(GUIDRV_FlexColor_Func66720.o)
 .text._ReadPixel_16bpp_B8
                0x0000000008005e2c       0x38 ../STemWinLib/Lib\libSTemWIN532_CM7_GCC.a(GUIDRV_FlexColor_Func66720.o)
 .text._ReadPixel_16bpp_B16_I
                0x0000000008005e64       0x3e ../STemWinLib/Lib\libSTemWIN532_CM7_GCC.a(GUIDRV_FlexColor_Func66720.o)
 .text._SetReg_B8
                0x0000000008005ea2       0x18 ../STemWinLib/Lib\libSTemWIN532_CM7_GCC.a(GUIDRV_FlexColor_Func66720.o)
 .text._SetReg_B16
                0x0000000008005eba        0xc ../STemWinLib/Lib\libSTemWIN532_CM7_GCC.a(GUIDRV_FlexColor_Func66720.o)
 .text._WritePara_B8
                0x0000000008005ec6        0xc ../STemWinLib/Lib\libSTemWIN532_CM7_GCC.a(GUIDRV_FlexColor_Func66720.o)
 .text._WritePara_B16
                0x0000000008005ed2        0xc ../STemWinLib/Lib\libSTemWIN532_CM7_GCC.a(GUIDRV_FlexColor_Func66720.o)
 *fill*         0x0000000008005ede        0x2 
 .text._SetInterface
                0x0000000008005ee0       0x34 ../STemWinLib/Lib\libSTemWIN532_CM7_GCC.a(GUIDRV_FlexColor_Func66720.o)
 .text._ReadRect_16bpp_B8
                0x0000000008005f14       0x60 ../STemWinLib/Lib\libSTemWIN532_CM7_GCC.a(GUIDRV_FlexColor_Func66720.o)
 .text._ReadRect_16bpp_B16_I
                0x0000000008005f74       0x62 ../STemWinLib/Lib\libSTemWIN532_CM7_GCC.a(GUIDRV_FlexColor_Func66720.o)
 *fill*         0x0000000008005fd6        0x2 
 .text.GUIDRV_FlexColor_SetFunc66720
                0x0000000008005fd8       0x74 ../STemWinLib/Lib\libSTemWIN532_CM7_GCC.a(GUIDRV_FlexColor_Func66720.o)
                0x0000000008005fd8                GUIDRV_FlexColor_SetFunc66720
 .text._ReadData
                0x000000000800604c        0xa ../STemWinLib/Lib\libSTemWIN532_CM7_GCC.a(GUIDRV_FlexColor_16bpp_C0B16.o)
 .text._WriteData
                0x0000000008006056        0xc ../STemWinLib/Lib\libSTemWIN532_CM7_GCC.a(GUIDRV_FlexColor_16bpp_C0B16.o)
 *fill*         0x0000000008006062        0x2 
 .text._FillRect
                0x0000000008006064      0x100 ../STemWinLib/Lib\libSTemWIN532_CM7_GCC.a(GUIDRV_FlexColor_16bpp_C0B16.o)
 .text._DrawBitmap
                0x0000000008006164      0x510 ../STemWinLib/Lib\libSTemWIN532_CM7_GCC.a(GUIDRV_FlexColor_16bpp_C0B16.o)
 .text.GUIDRV_FlexColor_SetMode16bppC0B16
                0x0000000008006674       0x68 ../STemWinLib/Lib\libSTemWIN532_CM7_GCC.a(GUIDRV_FlexColor_16bpp_C0B16.o)
                0x0000000008006674                GUIDRV_FlexColor_SetMode16bppC0B16
 .text._Log2PhysX_X0Y0S0
                0x00000000080066dc        0x4 ../STemWinLib/Lib\libSTemWIN532_CM7_GCC.a(GUIDRV_FlexColor.o)
 .text._Log2PhysX_X1Y0S0
                0x00000000080066e0        0x8 ../STemWinLib/Lib\libSTemWIN532_CM7_GCC.a(GUIDRV_FlexColor.o)
 .text._Log2PhysX_X0Y1S0
                0x00000000080066e8        0x4 ../STemWinLib/Lib\libSTemWIN532_CM7_GCC.a(GUIDRV_FlexColor.o)
 .text._Log2PhysX_X1Y1S0
                0x00000000080066ec        0x8 ../STemWinLib/Lib\libSTemWIN532_CM7_GCC.a(GUIDRV_FlexColor.o)
 .text._Log2PhysX_X0Y0S1
                0x00000000080066f4        0x4 ../STemWinLib/Lib\libSTemWIN532_CM7_GCC.a(GUIDRV_FlexColor.o)
 .text._Log2PhysX_X1Y0S1
                0x00000000080066f8        0x8 ../STemWinLib/Lib\libSTemWIN532_CM7_GCC.a(GUIDRV_FlexColor.o)
 .text._Log2PhysX_X0Y1S1
                0x0000000008006700        0x4 ../STemWinLib/Lib\libSTemWIN532_CM7_GCC.a(GUIDRV_FlexColor.o)
 .text._Log2PhysX_X1Y1S1
                0x0000000008006704        0x8 ../STemWinLib/Lib\libSTemWIN532_CM7_GCC.a(GUIDRV_FlexColor.o)
 .text._Log2PhysY_X0Y0S0
                0x000000000800670c        0x4 ../STemWinLib/Lib\libSTemWIN532_CM7_GCC.a(GUIDRV_FlexColor.o)
 .text._Log2PhysY_X1Y0S0
                0x0000000008006710        0x4 ../STemWinLib/Lib\libSTemWIN532_CM7_GCC.a(GUIDRV_FlexColor.o)
 .text._Log2PhysY_X0Y1S0
                0x0000000008006714        0x8 ../STemWinLib/Lib\libSTemWIN532_CM7_GCC.a(GUIDRV_FlexColor.o)
 .text._Log2PhysY_X1Y1S0
                0x000000000800671c        0x8 ../STemWinLib/Lib\libSTemWIN532_CM7_GCC.a(GUIDRV_FlexColor.o)
 .text._Log2PhysY_X0Y0S1
                0x0000000008006724        0x4 ../STemWinLib/Lib\libSTemWIN532_CM7_GCC.a(GUIDRV_FlexColor.o)
 .text._Log2PhysY_X1Y0S1
                0x0000000008006728        0x4 ../STemWinLib/Lib\libSTemWIN532_CM7_GCC.a(GUIDRV_FlexColor.o)
 .text._Log2PhysY_X0Y1S1
                0x000000000800672c        0x8 ../STemWinLib/Lib\libSTemWIN532_CM7_GCC.a(GUIDRV_FlexColor.o)
 .text._Log2PhysY_X1Y1S1
                0x0000000008006734        0x8 ../STemWinLib/Lib\libSTemWIN532_CM7_GCC.a(GUIDRV_FlexColor.o)
 .text._SetPixelIndex
                0x000000000800673c        0xc ../STemWinLib/Lib\libSTemWIN532_CM7_GCC.a(GUIDRV_FlexColor.o)
 .text._GetPixelIndex
                0x0000000008006748        0xc ../STemWinLib/Lib\libSTemWIN532_CM7_GCC.a(GUIDRV_FlexColor.o)
 .text._XorPixel
                0x0000000008006754       0x28 ../STemWinLib/Lib\libSTemWIN532_CM7_GCC.a(GUIDRV_FlexColor.o)
 .text._DrawHLine
                0x000000000800677c       0x10 ../STemWinLib/Lib\libSTemWIN532_CM7_GCC.a(GUIDRV_FlexColor.o)
 .text._DrawVLine
                0x000000000800678c       0x12 ../STemWinLib/Lib\libSTemWIN532_CM7_GCC.a(GUIDRV_FlexColor.o)
 .text._FillRect
                0x000000000800679e       0x12 ../STemWinLib/Lib\libSTemWIN532_CM7_GCC.a(GUIDRV_FlexColor.o)
 .text._DrawBitmap
                0x00000000080067b0       0x28 ../STemWinLib/Lib\libSTemWIN532_CM7_GCC.a(GUIDRV_FlexColor.o)
 .text._GetDevFunc_SetRect
                0x00000000080067d8        0x2 ../STemWinLib/Lib\libSTemWIN532_CM7_GCC.a(GUIDRV_FlexColor.o)
 *fill*         0x00000000080067da        0x2 
 .text._GetDevFunc_SetRectOutside
                0x00000000080067dc       0x40 ../STemWinLib/Lib\libSTemWIN532_CM7_GCC.a(GUIDRV_FlexColor.o)
 .text._ReadPixelCust_16bpp
                0x000000000800681c        0xe ../STemWinLib/Lib\libSTemWIN532_CM7_GCC.a(GUIDRV_FlexColor.o)
 .text._ReadPixelCust_18bpp
                0x000000000800682a        0xe ../STemWinLib/Lib\libSTemWIN532_CM7_GCC.a(GUIDRV_FlexColor.o)
 .text._ReadRectCust_16bpp
                0x0000000008006838       0x36 ../STemWinLib/Lib\libSTemWIN532_CM7_GCC.a(GUIDRV_FlexColor.o)
 .text._ReadRectCust_18bpp
                0x000000000800686e       0x36 ../STemWinLib/Lib\libSTemWIN532_CM7_GCC.a(GUIDRV_FlexColor.o)
 .text._GetDevFunc
                0x00000000080068a4       0x6c ../STemWinLib/Lib\libSTemWIN532_CM7_GCC.a(GUIDRV_FlexColor.o)
 .text._GetDevProp
                0x0000000008006910       0x5a ../STemWinLib/Lib\libSTemWIN532_CM7_GCC.a(GUIDRV_FlexColor.o)
 .text._GetDevData
                0x000000000800696a        0xc ../STemWinLib/Lib\libSTemWIN532_CM7_GCC.a(GUIDRV_FlexColor.o)
 .text._GetRect
                0x0000000008006976       0x16 ../STemWinLib/Lib\libSTemWIN532_CM7_GCC.a(GUIDRV_FlexColor.o)
 .text.GUIDRV_FlexColor__SetLog2Phys
                0x000000000800698c       0x48 ../STemWinLib/Lib\libSTemWIN532_CM7_GCC.a(GUIDRV_FlexColor.o)
                0x000000000800698c                GUIDRV_FlexColor__SetLog2Phys
 .text._SetOrg  0x00000000080069d4       0x16 ../STemWinLib/Lib\libSTemWIN532_CM7_GCC.a(GUIDRV_FlexColor.o)
 .text.GUIDRV_FlexColor__SetPixelIndexNoCache
                0x00000000080069ea       0x90 ../STemWinLib/Lib\libSTemWIN532_CM7_GCC.a(GUIDRV_FlexColor.o)
                0x00000000080069ea                GUIDRV_FlexColor__SetPixelIndexNoCache
 .text.GUIDRV_FlexColor__GetPixelIndexNoCache
                0x0000000008006a7a       0xb2 ../STemWinLib/Lib\libSTemWIN532_CM7_GCC.a(GUIDRV_FlexColor.o)
                0x0000000008006a7a                GUIDRV_FlexColor__GetPixelIndexNoCache
 .text.GUIDRV_FlexColor__InitOnce
                0x0000000008006b2c       0x34 ../STemWinLib/Lib\libSTemWIN532_CM7_GCC.a(GUIDRV_FlexColor.o)
                0x0000000008006b2c                GUIDRV_FlexColor__InitOnce
 .text._SetDevFunc
                0x0000000008006b60       0x9c ../STemWinLib/Lib\libSTemWIN532_CM7_GCC.a(GUIDRV_FlexColor.o)
 .text._GetDevFunc_Init
                0x0000000008006bfc       0x4a ../STemWinLib/Lib\libSTemWIN532_CM7_GCC.a(GUIDRV_FlexColor.o)
 .text._GetDevFunc_SetSize
                0x0000000008006c46       0x14 ../STemWinLib/Lib\libSTemWIN532_CM7_GCC.a(GUIDRV_FlexColor.o)
 .text._GetDevFunc_SetVSize
                0x0000000008006c5a       0x14 ../STemWinLib/Lib\libSTemWIN532_CM7_GCC.a(GUIDRV_FlexColor.o)
 .text.GUIDRV_FlexColor_Config
                0x0000000008006c6e       0x3c ../STemWinLib/Lib\libSTemWIN532_CM7_GCC.a(GUIDRV_FlexColor.o)
                0x0000000008006c6e                GUIDRV_FlexColor_Config
 .text.GUIDRV_FlexColor_SetFunc
                0x0000000008006caa       0x32 ../STemWinLib/Lib\libSTemWIN532_CM7_GCC.a(GUIDRV_FlexColor.o)
                0x0000000008006caa                GUIDRV_FlexColor_SetFunc
 .text.LCD_SetVSizeEx
                0x0000000008006cdc       0x30 ../STemWinLib/Lib\libSTemWIN532_CM7_GCC.a(LCD_Set.o)
                0x0000000008006cdc                LCD_SetVSizeEx
 .text.LCD_SetSizeEx
                0x0000000008006d0c       0x30 ../STemWinLib/Lib\libSTemWIN532_CM7_GCC.a(LCD_Set.o)
                0x0000000008006d0c                LCD_SetSizeEx
 .text.LCD_SetPosEx
                0x0000000008006d3c       0x30 ../STemWinLib/Lib\libSTemWIN532_CM7_GCC.a(LCD_Set.o)
                0x0000000008006d3c                LCD_SetPosEx
 .text.LCD_SetLUTEntryEx
                0x0000000008006d6c       0x30 ../STemWinLib/Lib\libSTemWIN532_CM7_GCC.a(LCD_Set.o)
                0x0000000008006d6c                LCD_SetLUTEntryEx
 .text.LCD_GetPosEx
                0x0000000008006d9c       0x30 ../STemWinLib/Lib\libSTemWIN532_CM7_GCC.a(LCD_Set.o)
                0x0000000008006d9c                LCD_GetPosEx
 .text.GUI__memset16
                0x0000000008006dcc       0x5c ../STemWinLib/Lib\libSTemWIN532_CM7_GCC.a(GUI__memset16.o)
                0x0000000008006dcc                GUI__memset16
 .text.GUI__memset
                0x0000000008006e28       0x54 ../STemWinLib/Lib\libSTemWIN532_CM7_GCC.a(GUI__memset.o)
                0x0000000008006e28                GUI__memset
 .text.GUI_Delay
                0x0000000008006e7c       0x28 ../STemWinLib/Lib\libSTemWIN532_CM7_GCC.a(GUI_Time.o)
                0x0000000008006e7c                GUI_Delay
 .text.GUI_TOUCH_Calibrate
                0x0000000008006ea4       0xbc ../STemWinLib/Lib\libSTemWIN532_CM7_GCC.a(GUI_TOUCH_DriverAnalog.o)
                0x0000000008006ea4                GUI_TOUCH_Calibrate
 .text.GUI_TOUCH_Exec
                0x0000000008006f60       0xc0 ../STemWinLib/Lib\libSTemWIN532_CM7_GCC.a(GUI_TOUCH_DriverAnalog.o)
                0x0000000008006f60                GUI_TOUCH_Exec
 .text.GUI_TOUCH_TransformPoint
                0x0000000008007020       0x98 ../STemWinLib/Lib\libSTemWIN532_CM7_GCC.a(GUI_TOUCH_Calibrate.o)
                0x0000000008007020                GUI_TOUCH_TransformPoint
 .text.GUI_TOUCH_CalibratePoint
                0x00000000080070b8       0x7c ../STemWinLib/Lib\libSTemWIN532_CM7_GCC.a(GUI_TOUCH_Calibrate.o)
                0x00000000080070b8                GUI_TOUCH_CalibratePoint
 .text.GUI_TOUCH_CalcCoefficients
                0x0000000008007134      0x498 ../STemWinLib/Lib\libSTemWIN532_CM7_GCC.a(GUI_TOUCH_Calibrate.o)
                0x0000000008007134                GUI_TOUCH_CalcCoefficients
 .text.GUI_TOUCH_StoreStateEx
                0x00000000080075cc       0x48 ../STemWinLib/Lib\libSTemWIN532_CM7_GCC.a(GUI_TOUCH.o)
                0x00000000080075cc                GUI_TOUCH_StoreStateEx
 .text.GUI_SetFont
                0x0000000008007614       0x14 ../STemWinLib/Lib\libSTemWIN532_CM7_GCC.a(GUI_SetFont.o)
                0x0000000008007614                GUI_SetFont
 .text.GUI_SetBkColor
                0x0000000008007628        0x4 ../STemWinLib/Lib\libSTemWIN532_CM7_GCC.a(GUI_SetColor.o)
                0x0000000008007628                GUI_SetBkColor
 .text.GUI_SetColor
                0x000000000800762c        0x4 ../STemWinLib/Lib\libSTemWIN532_CM7_GCC.a(GUI_SetColor.o)
                0x000000000800762c                GUI_SetColor
 .text.GUI_PID_GetState
                0x0000000008007630       0x54 ../STemWinLib/Lib\libSTemWIN532_CM7_GCC.a(GUI_PID.o)
                0x0000000008007630                GUI_PID_GetState
 .text.GUI_PID_StoreState
                0x0000000008007684       0xa4 ../STemWinLib/Lib\libSTemWIN532_CM7_GCC.a(GUI_PID.o)
                0x0000000008007684                GUI_PID_StoreState
 .text.GUI_PID_IsEmpty
                0x0000000008007728       0x18 ../STemWinLib/Lib\libSTemWIN532_CM7_GCC.a(GUI_PID.o)
                0x0000000008007728                GUI_PID_IsEmpty
 .text.GUI_GetKey
                0x0000000008007740       0x10 ../STemWinLib/Lib\libSTemWIN532_CM7_GCC.a(GUI_OnKey.o)
                0x0000000008007740                GUI_GetKey
 .text.GUI_StoreKey
                0x0000000008007750       0x10 ../STemWinLib/Lib\libSTemWIN532_CM7_GCC.a(GUI_OnKey.o)
                0x0000000008007750                GUI_StoreKey
 .text.GUI_PollKeyMsg
                0x0000000008007760       0x38 ../STemWinLib/Lib\libSTemWIN532_CM7_GCC.a(GUI_OnKey.o)
                0x0000000008007760                GUI_PollKeyMsg
 .text.GUI_Exec1
                0x0000000008007798       0x34 ../STemWinLib/Lib\libSTemWIN532_CM7_GCC.a(GUI_Exec.o)
                0x0000000008007798                GUI_Exec1
 .text.GUI_Exec
                0x00000000080077cc       0x12 ../STemWinLib/Lib\libSTemWIN532_CM7_GCC.a(GUI_Exec.o)
                0x00000000080077cc                GUI_Exec
 *fill*         0x00000000080077de        0x2 
 .text.GUI_DispString
                0x00000000080077e0      0x108 ../STemWinLib/Lib\libSTemWIN532_CM7_GCC.a(GUI_DispString.o)
                0x00000000080077e0                GUI_DispString
 .text.GUI_DEVICE__GetpDriver
                0x00000000080078e8       0x20 ../STemWinLib/Lib\libSTemWIN532_CM7_GCC.a(GUI_Device.o)
                0x00000000080078e8                GUI_DEVICE__GetpDriver
 .text.GUI_DEVICE_Delete
                0x0000000008007908        0x4 ../STemWinLib/Lib\libSTemWIN532_CM7_GCC.a(GUI_Device.o)
                0x0000000008007908                GUI_DEVICE_Delete
 .text.GUI_DEVICE_Create
                0x000000000800790c       0x4c ../STemWinLib/Lib\libSTemWIN532_CM7_GCC.a(GUI_Device.o)
                0x000000000800790c                GUI_DEVICE_Create
 .text.GUI_DEVICE_Unlink
                0x0000000008007958       0x2c ../STemWinLib/Lib\libSTemWIN532_CM7_GCC.a(GUI_Device.o)
                0x0000000008007958                GUI_DEVICE_Unlink
 .text.GUI_DEVICE_Link
                0x0000000008007984       0x74 ../STemWinLib/Lib\libSTemWIN532_CM7_GCC.a(GUI_Device.o)
                0x0000000008007984                GUI_DEVICE_Link
 .text.GUI_DEVICE_CreateAndLink
                0x00000000080079f8       0x28 ../STemWinLib/Lib\libSTemWIN532_CM7_GCC.a(GUI_Device.o)
                0x00000000080079f8                GUI_DEVICE_CreateAndLink
 .text._OnExit  0x0000000008007a20       0x2c ../STemWinLib/Lib\libSTemWIN532_CM7_GCC.a(GUI_Core.o)
 .text._InitContext
                0x0000000008007a4c       0x80 ../STemWinLib/Lib\libSTemWIN532_CM7_GCC.a(GUI_Core.o)
 .text.GUI_SetDefaultFont
                0x0000000008007acc        0xc ../STemWinLib/Lib\libSTemWIN532_CM7_GCC.a(GUI_Core.o)
                0x0000000008007acc                GUI_SetDefaultFont
 .text.GUI_ClearRect
                0x0000000008007ad8       0x64 ../STemWinLib/Lib\libSTemWIN532_CM7_GCC.a(GUI_Core.o)
                0x0000000008007ad8                GUI_ClearRect
 .text.GUI_Clear
                0x0000000008007b3c       0x20 ../STemWinLib/Lib\libSTemWIN532_CM7_GCC.a(GUI_Core.o)
                0x0000000008007b3c                GUI_Clear
 .text.GUI__RegisterExit
                0x0000000008007b5c       0x24 ../STemWinLib/Lib\libSTemWIN532_CM7_GCC.a(GUI_Core.o)
                0x0000000008007b5c                GUI__RegisterExit
 .text.GUI__Config
                0x0000000008007b80       0x30 ../STemWinLib/Lib\libSTemWIN532_CM7_GCC.a(GUI_Core.o)
                0x0000000008007b80                GUI__Config
 .text.GUI_Init
                0x0000000008007bb0       0xa8 ../STemWinLib/Lib\libSTemWIN532_CM7_GCC.a(GUI_Core.o)
                0x0000000008007bb0                GUI_Init
 .text.GUIPROP__FindChar
                0x0000000008007c58       0x14 ../STemWinLib/Lib\libSTemWIN532_CM7_GCC.a(GUI_CharP.o)
                0x0000000008007c58                GUIPROP__FindChar
 .text.GUIPROP_DispChar
                0x0000000008007c6c       0xec ../STemWinLib/Lib\libSTemWIN532_CM7_GCC.a(GUI_CharP.o)
                0x0000000008007c6c                GUIPROP_DispChar
 .text.GUIPROP_GetCharDistX
                0x0000000008007d58       0x3c ../STemWinLib/Lib\libSTemWIN532_CM7_GCC.a(GUI_CharP.o)
                0x0000000008007d58                GUIPROP_GetCharDistX
 .text.GUIPROP_GetFontInfo
                0x0000000008007d94        0x6 ../STemWinLib/Lib\libSTemWIN532_CM7_GCC.a(GUI_CharP.o)
                0x0000000008007d94                GUIPROP_GetFontInfo
 .text.GUIPROP_IsInFont
                0x0000000008007d9a       0x10 ../STemWinLib/Lib\libSTemWIN532_CM7_GCC.a(GUI_CharP.o)
                0x0000000008007d9a                GUIPROP_IsInFont
 *fill*         0x0000000008007daa        0x2 
 .text.GUIMONO_DispChar
                0x0000000008007dac      0x150 ../STemWinLib/Lib\libSTemWIN532_CM7_GCC.a(GUI_CharM.o)
                0x0000000008007dac                GUIMONO_DispChar
 .text.GUIMONO_GetCharDistX
                0x0000000008007efc       0x18 ../STemWinLib/Lib\libSTemWIN532_CM7_GCC.a(GUI_CharM.o)
                0x0000000008007efc                GUIMONO_GetCharDistX
 .text.GUIMONO_GetFontInfo
                0x0000000008007f14        0x6 ../STemWinLib/Lib\libSTemWIN532_CM7_GCC.a(GUI_CharM.o)
                0x0000000008007f14                GUIMONO_GetFontInfo
 .text.GUIMONO_IsInFont
                0x0000000008007f1a       0x36 ../STemWinLib/Lib\libSTemWIN532_CM7_GCC.a(GUI_CharM.o)
                0x0000000008007f1a                GUIMONO_IsInFont
 .text._Log2VisBuffered
                0x0000000008007f50        0x2 ../STemWinLib/Lib\libSTemWIN532_CM7_GCC.a(GUI_CharLine.o)
 *fill*         0x0000000008007f52        0x2 
 .text._DispLine
                0x0000000008007f54       0x7c ../STemWinLib/Lib\libSTemWIN532_CM7_GCC.a(GUI_CharLine.o)
 .text.GUI__GetLineNumChars
                0x0000000008007fd0       0x3c ../STemWinLib/Lib\libSTemWIN532_CM7_GCC.a(GUI_CharLine.o)
                0x0000000008007fd0                GUI__GetLineNumChars
 .text.GUI__GetOverlap
                0x000000000800800c       0x1e ../STemWinLib/Lib\libSTemWIN532_CM7_GCC.a(GUI_CharLine.o)
                0x000000000800800c                GUI__GetOverlap
 *fill*         0x000000000800802a        0x2 
 .text.GUI__GetLineDistX
                0x000000000800802c       0x60 ../STemWinLib/Lib\libSTemWIN532_CM7_GCC.a(GUI_CharLine.o)
                0x000000000800802c                GUI__GetLineDistX
 .text.GUI__DispLine
                0x000000000800808c       0xa8 ../STemWinLib/Lib\libSTemWIN532_CM7_GCC.a(GUI_CharLine.o)
                0x000000000800808c                GUI__DispLine
 .text.GUI_GetYAdjust
                0x0000000008008134       0x30 ../STemWinLib/Lib\libSTemWIN532_CM7_GCC.a(GUI_Char.o)
                0x0000000008008134                GUI_GetYAdjust
 .text.GUI_GetFontDistY
                0x0000000008008164       0x10 ../STemWinLib/Lib\libSTemWIN532_CM7_GCC.a(GUI_Char.o)
                0x0000000008008164                GUI_GetFontDistY
 .text.GUI_GetCharDistX
                0x0000000008008174       0x14 ../STemWinLib/Lib\libSTemWIN532_CM7_GCC.a(GUI_Char.o)
                0x0000000008008174                GUI_GetCharDistX
 .text.GUI_GetCharDistXEx
                0x0000000008008188       0x14 ../STemWinLib/Lib\libSTemWIN532_CM7_GCC.a(GUI_Char.o)
                0x0000000008008188                GUI_GetCharDistXEx
 .text._PushFreeBlock
                0x000000000800819c       0x24 ../STemWinLib/Lib\libSTemWIN532_CM7_GCC.a(GUI_Alloc.o)
 .text._OnExit  0x00000000080081c0       0x38 ../STemWinLib/Lib\libSTemWIN532_CM7_GCC.a(GUI_Alloc.o)
 .text._RemoveFreeBlock
                0x00000000080081f8       0x40 ../STemWinLib/Lib\libSTemWIN532_CM7_GCC.a(GUI_Alloc.o)
 .text._AddFreeMemory
                0x0000000008008238       0xa0 ../STemWinLib/Lib\libSTemWIN532_CM7_GCC.a(GUI_Alloc.o)
 .text._RemoveHoles
                0x00000000080082d8       0x9c ../STemWinLib/Lib\libSTemWIN532_CM7_GCC.a(GUI_Alloc.o)
 .text.GUI_ALLOC_FreeFixedBlock
                0x0000000008008374       0x14 ../STemWinLib/Lib\libSTemWIN532_CM7_GCC.a(GUI_Alloc.o)
                0x0000000008008374                GUI_ALLOC_FreeFixedBlock
 .text.GUI_ALLOC_h2p
                0x0000000008008388       0x14 ../STemWinLib/Lib\libSTemWIN532_CM7_GCC.a(GUI_Alloc.o)
                0x0000000008008388                GUI_ALLOC_h2p
 .text.GUI_ALLOC_LockH
                0x000000000800839c       0x1c ../STemWinLib/Lib\libSTemWIN532_CM7_GCC.a(GUI_Alloc.o)
                0x000000000800839c                GUI_ALLOC_LockH
 .text.GUI_ALLOC_UnlockH
                0x00000000080083b8       0x30 ../STemWinLib/Lib\libSTemWIN532_CM7_GCC.a(GUI_Alloc.o)
                0x00000000080083b8                GUI_ALLOC_UnlockH
 .text.GUI_ALLOC_AssignMemory
                0x00000000080083e8       0x10 ../STemWinLib/Lib\libSTemWIN532_CM7_GCC.a(GUI_Alloc.o)
                0x00000000080083e8                GUI_ALLOC_AssignMemory
 .text.GUI_ALLOC_Free
                0x00000000080083f8       0x30 ../STemWinLib/Lib\libSTemWIN532_CM7_GCC.a(GUI_Alloc.o)
                0x00000000080083f8                GUI_ALLOC_Free
 .text._EnlargeBlocks
                0x0000000008008428       0x98 ../STemWinLib/Lib\libSTemWIN532_CM7_GCC.a(GUI_Alloc.o)
 .text._InitOnce
                0x00000000080084c0      0x174 ../STemWinLib/Lib\libSTemWIN532_CM7_GCC.a(GUI_Alloc.o)
 .text.GUI_ALLOC_GetFixedBlock
                0x0000000008008634       0xa4 ../STemWinLib/Lib\libSTemWIN532_CM7_GCC.a(GUI_Alloc.o)
                0x0000000008008634                GUI_ALLOC_GetFixedBlock
 .text.GUI_ALLOC_GetMaxSize
                0x00000000080086d8       0x3c ../STemWinLib/Lib\libSTemWIN532_CM7_GCC.a(GUI_Alloc.o)
                0x00000000080086d8                GUI_ALLOC_GetMaxSize
 .text.GUI_ALLOC_RequestSize
                0x0000000008008714       0x2c ../STemWinLib/Lib\libSTemWIN532_CM7_GCC.a(GUI_Alloc.o)
                0x0000000008008714                GUI_ALLOC_RequestSize
 .text._Alloc   0x0000000008008740       0xec ../STemWinLib/Lib\libSTemWIN532_CM7_GCC.a(GUI_Alloc.o)
 .text.GUI_ALLOC_AllocNoInit
                0x000000000800882c        0x8 ../STemWinLib/Lib\libSTemWIN532_CM7_GCC.a(GUI_Alloc.o)
                0x000000000800882c                GUI_ALLOC_AllocNoInit
 .text.LCD_Index2Color_M565
                0x0000000008008834       0x28 ../STemWinLib/Lib\libSTemWIN532_CM7_GCC.a(GUICC_M565.o)
                0x0000000008008834                LCD_Index2Color_M565
 .text._Color2Index_M565
                0x000000000800885c       0x28 ../STemWinLib/Lib\libSTemWIN532_CM7_GCC.a(GUICC_M565.o)
 .text._GetIndexMask_M565
                0x0000000008008884        0x6 ../STemWinLib/Lib\libSTemWIN532_CM7_GCC.a(GUICC_M565.o)
 *fill*         0x000000000800888a        0x2 
 .text._Color2IndexBulk
                0x000000000800888c       0x4c ../STemWinLib/Lib\libSTemWIN532_CM7_GCC.a(GUICC_M565.o)
 .text._Index2ColorBulk
                0x00000000080088d8       0x5c ../STemWinLib/Lib\libSTemWIN532_CM7_GCC.a(GUICC_M565.o)
 .text.WM__IsInModalArea
                0x0000000008008934       0x5c ../STemWinLib/Lib\libSTemWIN532_CM7_GCC.a(WM_Touch.o)
                0x0000000008008934                WM__IsInModalArea
 .text.WM__SendPIDMessage
                0x0000000008008990       0x40 ../STemWinLib/Lib\libSTemWIN532_CM7_GCC.a(WM_Touch.o)
                0x0000000008008990                WM__SendPIDMessage
 .text.WM__SendTouchMessage
                0x00000000080089d0       0x3c ../STemWinLib/Lib\libSTemWIN532_CM7_GCC.a(WM_Touch.o)
                0x00000000080089d0                WM__SendTouchMessage
 .text.WM_HandlePID
                0x0000000008008a0c      0x380 ../STemWinLib/Lib\libSTemWIN532_CM7_GCC.a(WM_Touch.o)
                0x0000000008008a0c                WM_HandlePID
 .text.WM__ReleaseCapture
                0x0000000008008d8c       0x34 ../STemWinLib/Lib\libSTemWIN532_CM7_GCC.a(WM_SetCapture.o)
 .text.WM_ReleaseCapture
                0x0000000008008dc0        0x4 ../STemWinLib/Lib\libSTemWIN532_CM7_GCC.a(WM_SetCapture.o)
                0x0000000008008dc0                WM_ReleaseCapture
 .text.WM__IsInWindow
                0x0000000008008dc4       0x36 ../STemWinLib/Lib\libSTemWIN532_CM7_GCC.a(WM_Screen2Win.o)
                0x0000000008008dc4                WM__IsInWindow
 .text._Screen2hWin
                0x0000000008008dfa       0x60 ../STemWinLib/Lib\libSTemWIN532_CM7_GCC.a(WM_Screen2Win.o)
 *fill*         0x0000000008008e5a        0x2 
 .text.WM_Screen2hWin
                0x0000000008008e5c       0x20 ../STemWinLib/Lib\libSTemWIN532_CM7_GCC.a(WM_Screen2Win.o)
                0x0000000008008e5c                WM_Screen2hWin
 .text.WM_PID__SetPrevState
                0x0000000008008e7c       0x14 ../STemWinLib/Lib\libSTemWIN532_CM7_GCC.a(WM_PID__GetPrevState.o)
                0x0000000008008e7c                WM_PID__SetPrevState
 .text.WM_OnKey
                0x0000000008008e90       0x34 ../STemWinLib/Lib\libSTemWIN532_CM7_GCC.a(WM_OnKey.o)
                0x0000000008008e90                WM_OnKey
 .text.WM_IsWindow
                0x0000000008008ec4        0x4 ../STemWinLib/Lib\libSTemWIN532_CM7_GCC.a(WM_IsWindow.o)
                0x0000000008008ec4                WM_IsWindow
 .text.WM_GetParent
                0x0000000008008ec8       0x10 ../STemWinLib/Lib\libSTemWIN532_CM7_GCC.a(WM_GetParent.o)
                0x0000000008008ec8                WM_GetParent
 .text.WM_GetDesktopWindowEx
                0x0000000008008ed8       0x14 ../STemWinLib/Lib\libSTemWIN532_CM7_GCC.a(WM_GetDesktopWindowEx.o)
                0x0000000008008ed8                WM_GetDesktopWindowEx
 .text.WM_GetDesktopWindow
                0x0000000008008eec       0x18 ../STemWinLib/Lib\libSTemWIN532_CM7_GCC.a(WM_GetDesktopWindow.o)
                0x0000000008008eec                WM_GetDesktopWindow
 .text.WM__AddCriticalHandle
                0x0000000008008f04       0x10 ../STemWinLib/Lib\libSTemWIN532_CM7_GCC.a(WM_CriticalHandle.o)
                0x0000000008008f04                WM__AddCriticalHandle
 .text.WM__RemoveCriticalHandle
                0x0000000008008f14       0x2c ../STemWinLib/Lib\libSTemWIN532_CM7_GCC.a(WM_CriticalHandle.o)
                0x0000000008008f14                WM__RemoveCriticalHandle
 .text._OnExit  0x0000000008008f40       0x50 ../STemWinLib/Lib\libSTemWIN532_CM7_GCC.a(WM.o)
 .text._Paint1  0x0000000008008f90       0x24 ../STemWinLib/Lib\libSTemWIN532_CM7_GCC.a(WM.o)
 .text._Findy1  0x0000000008008fb4       0xac ../STemWinLib/Lib\libSTemWIN532_CM7_GCC.a(WM.o)
 .text._Findx0  0x0000000008009060       0x88 ../STemWinLib/Lib\libSTemWIN532_CM7_GCC.a(WM.o)
 .text._Findx1  0x00000000080090e8       0x76 ../STemWinLib/Lib\libSTemWIN532_CM7_GCC.a(WM.o)
 *fill*         0x000000000800915e        0x2 
 .text._Paint1Trans
                0x0000000008009160       0x94 ../STemWinLib/Lib\libSTemWIN532_CM7_GCC.a(WM.o)
 .text._PaintTransChildren
                0x00000000080091f4       0xb6 ../STemWinLib/Lib\libSTemWIN532_CM7_GCC.a(WM.o)
 *fill*         0x00000000080092aa        0x2 
 .text.WM__PaintWinAndOverlays
                0x00000000080092ac       0x78 ../STemWinLib/Lib\libSTemWIN532_CM7_GCC.a(WM.o)
 .text._cbPaintMemDev
                0x0000000008009324       0x68 ../STemWinLib/Lib\libSTemWIN532_CM7_GCC.a(WM.o)
 .text.WM__ClipAtParentBorders
                0x000000000800938c       0x5c ../STemWinLib/Lib\libSTemWIN532_CM7_GCC.a(WM.o)
                0x000000000800938c                WM__ClipAtParentBorders
 .text.WM__InsertWindowIntoList
                0x00000000080093e8       0xa4 ../STemWinLib/Lib\libSTemWIN532_CM7_GCC.a(WM.o)
                0x00000000080093e8                WM__InsertWindowIntoList
 .text.WM__RemoveWindowFromList
                0x000000000800948c       0x3c ../STemWinLib/Lib\libSTemWIN532_CM7_GCC.a(WM.o)
                0x000000000800948c                WM__RemoveWindowFromList
 .text.WM__Client2Screen
                0x00000000080094c8       0x10 ../STemWinLib/Lib\libSTemWIN532_CM7_GCC.a(WM.o)
                0x00000000080094c8                WM__Client2Screen
 .text._SetClipRectUserIntersect
                0x00000000080094d8       0x50 ../STemWinLib/Lib\libSTemWIN532_CM7_GCC.a(WM.o)
 .text.WM__ActivateClipRect
                0x0000000008009528       0x48 ../STemWinLib/Lib\libSTemWIN532_CM7_GCC.a(WM.o)
                0x0000000008009528                WM__ActivateClipRect
 .text.WM__IsWindow
                0x0000000008009570       0x20 ../STemWinLib/Lib\libSTemWIN532_CM7_GCC.a(WM.o)
                0x0000000008009570                WM__IsWindow
 .text.WM__InvalidateDrawAndDescs
                0x0000000008009590       0x50 ../STemWinLib/Lib\libSTemWIN532_CM7_GCC.a(WM.o)
                0x0000000008009590                WM__InvalidateDrawAndDescs
 .text.WM__RectIsNZ
                0x00000000080095e0       0x22 ../STemWinLib/Lib\libSTemWIN532_CM7_GCC.a(WM.o)
                0x00000000080095e0                WM__RectIsNZ
 *fill*         0x0000000008009602        0x2 
 .text._Invalidate1Abs
                0x0000000008009604       0x88 ../STemWinLib/Lib\libSTemWIN532_CM7_GCC.a(WM.o)
 .text.WM__Invalidate1Abs
                0x000000000800968c        0x6 ../STemWinLib/Lib\libSTemWIN532_CM7_GCC.a(WM.o)
                0x000000000800968c                WM__Invalidate1Abs
 .text.WM_InvalidateWindowAndDescsEx
                0x0000000008009692       0x64 ../STemWinLib/Lib\libSTemWIN532_CM7_GCC.a(WM.o)
                0x0000000008009692                WM_InvalidateWindowAndDescsEx
 .text.WM__InvalidateRect
                0x00000000080096f6       0x78 ../STemWinLib/Lib\libSTemWIN532_CM7_GCC.a(WM.o)
                0x00000000080096f6                WM__InvalidateRect
 .text.WM__InvalidateParent
                0x000000000800976e       0x2a ../STemWinLib/Lib\libSTemWIN532_CM7_GCC.a(WM.o)
                0x000000000800976e                WM__InvalidateParent
 .text.WM__InvalidateRectEx
                0x0000000008009798        0x6 ../STemWinLib/Lib\libSTemWIN532_CM7_GCC.a(WM.o)
                0x0000000008009798                WM__InvalidateRectEx
 .text.WM__DetachWindow
                0x000000000800979e       0x2a ../STemWinLib/Lib\libSTemWIN532_CM7_GCC.a(WM.o)
                0x000000000800979e                WM__DetachWindow
 .text.WM__SendMsgNoData
                0x00000000080097c8       0x16 ../STemWinLib/Lib\libSTemWIN532_CM7_GCC.a(WM.o)
                0x00000000080097c8                WM__SendMsgNoData
 .text.WM__GetClientRectWin
                0x00000000080097de       0x18 ../STemWinLib/Lib\libSTemWIN532_CM7_GCC.a(WM.o)
                0x00000000080097de                WM__GetClientRectWin
 .text.WM_InvalidateRect
                0x00000000080097f6       0x78 ../STemWinLib/Lib\libSTemWIN532_CM7_GCC.a(WM.o)
                0x00000000080097f6                WM_InvalidateRect
 .text.WM_InvalidateWindow
                0x000000000800986e        0x6 ../STemWinLib/Lib\libSTemWIN532_CM7_GCC.a(WM.o)
                0x000000000800986e                WM_InvalidateWindow
 .text.WM__GetTopLevelLayer
                0x0000000008009874       0x28 ../STemWinLib/Lib\libSTemWIN532_CM7_GCC.a(WM.o)
                0x0000000008009874                WM__GetTopLevelLayer
 .text.WM__SelectTopLevelLayer
                0x000000000800989c       0x14 ../STemWinLib/Lib\libSTemWIN532_CM7_GCC.a(WM.o)
                0x000000000800989c                WM__SelectTopLevelLayer
 .text.WM_SelectWindow
                0x00000000080098b0       0x40 ../STemWinLib/Lib\libSTemWIN532_CM7_GCC.a(WM.o)
                0x00000000080098b0                WM_SelectWindow
 .text.WM_CreateWindowAsChild
                0x00000000080098f0      0x154 ../STemWinLib/Lib\libSTemWIN532_CM7_GCC.a(WM.o)
                0x00000000080098f0                WM_CreateWindowAsChild
 .text.WM_DeleteWindow
                0x0000000008009a44      0x114 ../STemWinLib/Lib\libSTemWIN532_CM7_GCC.a(WM.o)
                0x0000000008009a44                WM_DeleteWindow
 .text.WM__GetNextIVR
                0x0000000008009b58      0x184 ../STemWinLib/Lib\libSTemWIN532_CM7_GCC.a(WM.o)
                0x0000000008009b58                WM__GetNextIVR
 .text.WM__InitIVRSearch
                0x0000000008009cdc       0xfc ../STemWinLib/Lib\libSTemWIN532_CM7_GCC.a(WM.o)
                0x0000000008009cdc                WM__InitIVRSearch
 .text.WM_SetDefault
                0x0000000008009dd8       0x14 ../STemWinLib/Lib\libSTemWIN532_CM7_GCC.a(WM.o)
                0x0000000008009dd8                WM_SetDefault
 .text.WM__Paint1
                0x0000000008009dec       0x90 ../STemWinLib/Lib\libSTemWIN532_CM7_GCC.a(WM.o)
                0x0000000008009dec                WM__Paint1
 .text.WM__Paint
                0x0000000008009e7c       0xac ../STemWinLib/Lib\libSTemWIN532_CM7_GCC.a(WM.o)
                0x0000000008009e7c                WM__Paint
 .text.WM_Exec  0x0000000008009f28      0x15c ../STemWinLib/Lib\libSTemWIN532_CM7_GCC.a(WM.o)
                0x0000000008009f28                WM_Exec
 .text.WM_Activate
                0x000000000800a084       0x10 ../STemWinLib/Lib\libSTemWIN532_CM7_GCC.a(WM.o)
                0x000000000800a084                WM_Activate
 .text.WM_Deactivate
                0x000000000800a094       0x14 ../STemWinLib/Lib\libSTemWIN532_CM7_GCC.a(WM.o)
                0x000000000800a094                WM_Deactivate
 .text.WM_DefaultProc
                0x000000000800a0a8       0x48 ../STemWinLib/Lib\libSTemWIN532_CM7_GCC.a(WM.o)
                0x000000000800a0a8                WM_DefaultProc
 .text._cbBackWin
                0x000000000800a0f0       0x68 ../STemWinLib/Lib\libSTemWIN532_CM7_GCC.a(WM.o)
 .text.WM_Init  0x000000000800a158       0xf4 ../STemWinLib/Lib\libSTemWIN532_CM7_GCC.a(WM.o)
                0x000000000800a158                WM_Init
 .text._CreateStaticDevice
                0x000000000800a24c      0x170 ../STemWinLib/Lib\libSTemWIN532_CM7_GCC.a(GUIDEV_StaticDevices.o)
 .text.GUI_MEMDEV_Paint1Static
                0x000000000800a3bc       0x1c ../STemWinLib/Lib\libSTemWIN532_CM7_GCC.a(GUIDEV_StaticDevices.o)
                0x000000000800a3bc                GUI_MEMDEV_Paint1Static
 .text.GUI_MEMDEV_SetOrg
                0x000000000800a3d8       0x54 ../STemWinLib/Lib\libSTemWIN532_CM7_GCC.a(GUIDEV_SetOrg.o)
                0x000000000800a3d8                GUI_MEMDEV_SetOrg
 .text.GUI_MEMDEV_GetYSize
                0x000000000800a42c       0x2c ../STemWinLib/Lib\libSTemWIN532_CM7_GCC.a(GUIDEV_GetYSize.o)
                0x000000000800a42c                GUI_MEMDEV_GetYSize
 .text.GUI_MEMDEV_GetDataPtr
                0x000000000800a458       0x1e ../STemWinLib/Lib\libSTemWIN532_CM7_GCC.a(GUIDEV_GetDataPtr.o)
                0x000000000800a458                GUI_MEMDEV_GetDataPtr
 *fill*         0x000000000800a476        0x2 
 .text.GUI_MEMDEV_Draw
                0x000000000800a478      0x150 ../STemWinLib/Lib\libSTemWIN532_CM7_GCC.a(GUIDEV_Banding.o)
                0x000000000800a478                GUI_MEMDEV_Draw
 .text._GetDevData
                0x000000000800a5c8       0x10 ../STemWinLib/Lib\libSTemWIN532_CM7_GCC.a(GUIDEV_32.o)
 .text._GetDevFunc
                0x000000000800a5d8       0x10 ../STemWinLib/Lib\libSTemWIN532_CM7_GCC.a(GUIDEV_32.o)
 .text._GetDevProp
                0x000000000800a5e8        0xa ../STemWinLib/Lib\libSTemWIN532_CM7_GCC.a(GUIDEV_32.o)
 .text._SetOrg  0x000000000800a5f2        0xc ../STemWinLib/Lib\libSTemWIN532_CM7_GCC.a(GUIDEV_32.o)
 .text._GetRect
                0x000000000800a5fe       0x32 ../STemWinLib/Lib\libSTemWIN532_CM7_GCC.a(GUIDEV_32.o)
 .text._XY2PTR  0x000000000800a630       0x40 ../STemWinLib/Lib\libSTemWIN532_CM7_GCC.a(GUIDEV_32.o)
 .text._GetPixelIndex
                0x000000000800a670        0xe ../STemWinLib/Lib\libSTemWIN532_CM7_GCC.a(GUIDEV_32.o)
 *fill*         0x000000000800a67e        0x2 
 .text._XorPixel
                0x000000000800a680       0x5c ../STemWinLib/Lib\libSTemWIN532_CM7_GCC.a(GUIDEV_32.o)
 .text._SetPixelIndex
                0x000000000800a6dc       0x4c ../STemWinLib/Lib\libSTemWIN532_CM7_GCC.a(GUIDEV_32.o)
 .text._DrawVLine
                0x000000000800a728       0xbc ../STemWinLib/Lib\libSTemWIN532_CM7_GCC.a(GUIDEV_32.o)
 .text._FillRect
                0x000000000800a7e4       0xb8 ../STemWinLib/Lib\libSTemWIN532_CM7_GCC.a(GUIDEV_32.o)
 .text._DrawHLine
                0x000000000800a89c        0xe ../STemWinLib/Lib\libSTemWIN532_CM7_GCC.a(GUIDEV_32.o)
 *fill*         0x000000000800a8aa        0x2 
 .text._DrawBitmap
                0x000000000800a8ac      0x738 ../STemWinLib/Lib\libSTemWIN532_CM7_GCC.a(GUIDEV_32.o)
 .text._GetDevData
                0x000000000800afe4       0x10 ../STemWinLib/Lib\libSTemWIN532_CM7_GCC.a(GUIDEV_16.o)
 .text._GetDevFunc
                0x000000000800aff4       0x10 ../STemWinLib/Lib\libSTemWIN532_CM7_GCC.a(GUIDEV_16.o)
 .text._SetOrg  0x000000000800b004        0xe ../STemWinLib/Lib\libSTemWIN532_CM7_GCC.a(GUIDEV_16.o)
 .text._GetDevProp
                0x000000000800b012       0x14 ../STemWinLib/Lib\libSTemWIN532_CM7_GCC.a(GUIDEV_16.o)
 .text._GetRect
                0x000000000800b026       0x32 ../STemWinLib/Lib\libSTemWIN532_CM7_GCC.a(GUIDEV_16.o)
 .text._XY2PTR  0x000000000800b058       0x40 ../STemWinLib/Lib\libSTemWIN532_CM7_GCC.a(GUIDEV_16.o)
 .text._GetPixelIndex
                0x000000000800b098        0xe ../STemWinLib/Lib\libSTemWIN532_CM7_GCC.a(GUIDEV_16.o)
 *fill*         0x000000000800b0a6        0x2 
 .text._XorPixel
                0x000000000800b0a8       0x58 ../STemWinLib/Lib\libSTemWIN532_CM7_GCC.a(GUIDEV_16.o)
 .text._SetPixelIndex
                0x000000000800b100       0x4c ../STemWinLib/Lib\libSTemWIN532_CM7_GCC.a(GUIDEV_16.o)
 .text._DrawVLine
                0x000000000800b14c       0xbc ../STemWinLib/Lib\libSTemWIN532_CM7_GCC.a(GUIDEV_16.o)
 .text._FillRect
                0x000000000800b208       0xb4 ../STemWinLib/Lib\libSTemWIN532_CM7_GCC.a(GUIDEV_16.o)