main.c:220:13:SetGraphScale	8	static
main.c:226:13:AddMesToGraph	16	static
main.c:131:13:Co2MeasurementFinished	112	static
main.c:522:13:MX_GPIO_Init	64	static
main.c:430:13:MX_I2C1_Init	16	static
main.c:476:13:MX_I2C2_Init	16	static
main.c:243:13:SetupGraph	16	static
main.c:200:13:SetupUtils	128	static
main.c:141:13:PrintToDisplay	8	static
main.c:105:6:HAL_SYSTICK_Callback	8	static
main.c:147:6:RefPressureSliderChanged	120	static
main.c:156:6:MesRateCliderChanged	112	static
main.c:165:6:RefPressureSetButton	8	static
main.c:172:6:MesRateSetButton	8	static
main.c:181:6:StartMesButton	8	static
main.c:187:6:StopMesButton	8	static
main.c:193:6:ClearGraphButton	8	static
main.c:371:6:SystemClock_Config	224	static
main.c:270:5:main	176	static
main.c:556:6:_cbDialog	8	static
main.c:704:6:Error_Handler	0	static
